C51 COMPILER V9.56.0.0   APP_TEMP_SET                                                      05/28/2017 23:43:09 PAGE 1   


C51 COMPILER V9.56.0.0, COMPILATION OF MODULE APP_TEMP_SET
OBJECT MODULE PLACED IN .\Objects\app_temp_set.obj
COMPILER INVOKED BY: D:\Keil_v5\C51\BIN\C51.EXE Source\APP\source\app_temp_set.c OPTIMIZE(8,SPEED) BROWSE INCDIR(.\Head;
                    -.\Source\APP\include) DEBUG OBJECTEXTEND PRINT(.\Listings\app_temp_set.lst) TABS(2) OBJECT(.\Objects\app_temp_set.obj)

line level    source

   1          #include "__std_type.h"
   2          #include "lcd12864.h"
   3          #include "ds18b20.h"
   4          #include "key.h"
   5          #include "eeprom.h"
   6          #include "app_temp_set.h"
   7          
   8          
   9          extern uint8_t g_home ;
  10          extern unsigned char choose_page;
  11          
  12          //char g_temp = 31;
  13          void temp_setting (void) 
  14          {
  15   1          unsigned char temp = iap_read_byte(0x0000);
  16   1          lcd12864_write_cmd(0x01);
  17   1          lcd12864_set_window(0, 1);
  18   1          lcd12864_write_string("≡报警温度≡");
  19   1          lcd12864_set_window(1, 7);
  20   1          lcd12864_write_string("℃");
  21   1        while (g_home) {
  22   2          unsigned char keyval = keyscan(5);
  23   2          if (EN_KEY3 == keyval) {
  24   3            iap_erase_sector(0x0000);
  25   3            iap_program_byte(0x0000, temp);
  26   3            choose_page = 3;
  27   3            break;
  28   3          } else if (EN_KEY1 == keyval) {
  29   3            temp++;
  30   3            if (temp > 100) {
  31   4              temp = 0;
  32   4            } 
  33   3          } else if (EN_KEY2 == keyval) {
  34   3            temp--;
  35   3            if (temp < 0) {
  36   4              temp = 100;
  37   4            }
  38   3          }
  39   2          lcd12864_set_window(1, 0);
  40   2          lcd12864_write_string("温度上限: ");
  41   2          lcd12864_write_data((temp / 10) | 0x30);
  42   2          lcd12864_write_data((temp % 10) | 0x30);
  43   2          
  44   2      
  45   2        }
  46   1      }


MODULE INFORMATION:   STATIC OVERLAYABLE
   CODE SIZE        =    160    ----
   CONSTANT SIZE    =     27    ----
   XDATA SIZE       =   ----    ----
   PDATA SIZE       =   ----    ----
   DATA SIZE        =   ----       2
C51 COMPILER V9.56.0.0   APP_TEMP_SET                                                      05/28/2017 23:43:09 PAGE 2   

   IDATA SIZE       =   ----    ----
   BIT SIZE         =   ----    ----
END OF MODULE INFORMATION.


C51 COMPILATION COMPLETE.  0 WARNING(S),  0 ERROR(S)
