C51 COMPILER V9.56.0.0   MAIN                                                              05/27/2017 02:16:02 PAGE 1   


C51 COMPILER V9.56.0.0, COMPILATION OF MODULE MAIN
OBJECT MODULE PLACED IN .\Objects\main.obj
COMPILER INVOKED BY: D:\Keil_v5\C51\BIN\C51.EXE Source\main.c OPTIMIZE(8,SPEED) BROWSE INCDIR(.\Head) DEBUG OBJECTEXTEND
                    - PRINT(.\Listings\main.lst) TABS(2) OBJECT(.\Objects\main.obj)

line level    source

   1          #include "stc12c5a60s2.h"
   2          #include "intrins.h"
   3          #include "uart.h"
   4          #include "uart2.h"
   5          #include "lcd12864.h"
   6          #include "ds18b20.h"
   7          #include "ds1302.h"
   8          #include "key.h"
   9          
  10          #define LED  P17
  11          #define FAN  P16
  12          #define BEEP P15
  13          
  14          void main (void)
  15          {
  16   1      
  17   1        
  18   1        uart_init();
  19   1      
  20   1        init_ds18b20();
  21   1      
  22   1        P1M1 = 0x00;
  23   1        P1M0 = 0xFF;
  24   1        
  25   1        LED = 1;
  26   1        FAN = 0;
  27   1        BEEP = 0;
  28   1        while (1) {
  29   2          
  30   2          float temp = 0.0;
  31   2          static unsigned char control = 0x00;
  32   2          
  33   2          unsigned char keycode = keyscan();
  34   2      
  35   2      
  36   2          /* 接收控制指令 */
  37   2          if (uartf_reciev_frame(&temp, &control))
  38   2          {
  39   3            if (control & 0x01) {
  40   4              LED = 0;
  41   4            } else {
  42   4              LED = 1;
  43   4            }
  44   3            
  45   3            if (control & 0x02) {
  46   4              FAN = 1;
  47   4            } else {
  48   4              FAN = 0;
  49   4            } 
  50   3            
  51   3            if (control & 0x04) {
  52   4              BEEP = 1;
  53   4            } else {
  54   4              BEEP = 0;
C51 COMPILER V9.56.0.0   MAIN                                                              05/27/2017 02:16:02 PAGE 2   

  55   4            }
  56   3        }
  57   2          if (LED == 0) {
  58   3            control |= 0x01;
  59   3          } else {
  60   3            control &= ~0x01;
  61   3          }
  62   2          
  63   2          if (FAN == 1) {
  64   3            control |= 0x02;
  65   3          } else {
  66   3            control &= ~0x02;
  67   3          }
  68   2          
  69   2          if (BEEP == 1) {
  70   3            control |= 0x04;
  71   3          } else {
  72   3            control &= ~0x04;
  73   3          }
  74   2          
  75   2          
  76   2          temp = rd_temperature_i();
  77   2          uart_send_frame(temp, control); 
  78   2          
  79   2          if (keycode == EN_KEY0) {
  80   3            LED = !LED;
  81   3          } else if (keycode == EN_KEY1) {
  82   3            FAN = !FAN;
  83   3          } else if (keycode == EN_KEY2) {
  84   3            BEEP = !BEEP;
  85   3          }
  86   2          
  87   2      }
  88   1      }
  89          


MODULE INFORMATION:   STATIC OVERLAYABLE
   CODE SIZE        =    176    ----
   CONSTANT SIZE    =   ----    ----
   XDATA SIZE       =   ----    ----
   PDATA SIZE       =   ----    ----
   DATA SIZE        =      1       5
   IDATA SIZE       =   ----    ----
   BIT SIZE         =   ----    ----
END OF MODULE INFORMATION.


C51 COMPILATION COMPLETE.  0 WARNING(S),  0 ERROR(S)
