<html>
<body>
<pre>
<h1>礦ision Build Log</h1>
<h2>Tool Versions:</h2>
IDE-Version: μVision V5.20.0.39
Copyright (C) 2016 ARM Ltd and ARM Germany GmbH. All rights reserved.
License Information: 1 1, 1, LIC=Q7GFW-QEH0A-77FRP-MHKEF-EYBSS-U7VYB
 
Tool Versions:
Toolchain:       MDK-ARM Professional  Version: 5.20
Toolchain Path:  D:\Keil_v5\ARM\ARMCC\Bin
C Compiler:      Armcc.exe V5.06 update 2 (build 183)
Assembler:       Armasm.exe V5.06 update 2 (build 183)
Linker/Locator:  ArmLink.exe V5.06 update 2 (build 183)
Library Manager: ArmAr.exe V5.06 update 2 (build 183)
Hex Converter:   FromElf.exe V5.06 update 2 (build 183)
CPU DLL:         SARMCM3.DLL V5.20
Dialog DLL:      DCM.DLL V1.13.7.0
Target DLL:      Segger\JL2CM3.dll V2.99.20.0
Dialog DLL:      TCM.DLL V1.14.9.0
 
<h2>Project:</h2>
G:\Desktop\（寄存器版本，适合MiniSTM32开发板）扩展实验13 ATK-ESP8266WIFI模块实验\USER\test.uvprojx
Project File Date:  05/17/2017

<h2>Output:</h2>
*** Using Compiler 'V5.06 update 2 (build 183)', folder: 'D:\Keil_v5\ARM\ARMCC\Bin'
Rebuild target 'Target 1'
assembling startup_stm32f10x_hd.s...
compiling delay.c...
compiling test.c...
test.c(25): warning:  #550-D: variable "key" was set but never used
  	u8 key,fontok=0; 
test.c(25): warning:  #177-D: variable "fontok" was declared but never referenced
  	u8 key,fontok=0; 
test.c: 2 warnings, 0 errors
compiling usart.c...
compiling sys.c...
compiling 24cxx.c...
compiling myiic.c...
compiling flash.c...
compiling key.c...
compiling led.c...
compiling MMC_SD.C...
compiling spi.c...
compiling ILI93xx.c...
compiling ctiic.c...
compiling ft5206.c...
compiling gt9147.c...
compiling ott2001a.c...
compiling usart2.c...
compiling usmart.c...
compiling touch.c...
compiling usmart_str.c...
compiling usmart_config.c...
compiling exfuns.c...
compiling mycc936.c...
compiling fattester.c...
compiling diskio.c...
compiling text.c...
compiling fontupd.c...
compiling ff.c...
compiling apsta.c...
compiling wifiap.c...
compiling common.c...
compiling malloc.c...
compiling wifista.c...
linking...
Program Size: Code=58626 RO-data=7694 RW-data=536 ZI-data=47456  
FromELF: creating hex file...
"..\OBJ\test.axf" - 0 Error(s), 2 Warning(s).

<h2>Collection of Component include folders:</h2>
  G:\Desktop\（寄存器版本，适合MiniSTM32开发板）扩展实验13 ATK-ESP8266WIFI模块实验\USER\RTE
  D:\Keil_v5\ARM\PACK\Keil\STM32F1xx_DFP\2.2.0\Device\Include

<h2>Collection of Component Files used:</h2>
Build Time Elapsed:  00:00:10
</pre>
</body>
</html>
