Component: ARM Compiler 5.06 update 2 (build 183) Tool: armlink [4d35b7]

==============================================================================

Section Cross References

    startup_stm32f10x_hd.o(STACK) refers (Special) to heapauxi.o(.text) for __use_two_region_memory
    startup_stm32f10x_hd.o(HEAP) refers (Special) to heapauxi.o(.text) for __use_two_region_memory
    startup_stm32f10x_hd.o(RESET) refers (Special) to heapauxi.o(.text) for __use_two_region_memory
    startup_stm32f10x_hd.o(RESET) refers to startup_stm32f10x_hd.o(STACK) for __initial_sp
    startup_stm32f10x_hd.o(RESET) refers to startup_stm32f10x_hd.o(.text) for Reset_Handler
    startup_stm32f10x_hd.o(RESET) refers to usmart.o(i.TIM2_IRQHandler) for TIM2_IRQHandler
    startup_stm32f10x_hd.o(RESET) refers to usart2.o(i.TIM4_IRQHandler) for TIM4_IRQHandler
    startup_stm32f10x_hd.o(RESET) refers to usart.o(i.USART1_IRQHandler) for USART1_IRQHandler
    startup_stm32f10x_hd.o(RESET) refers to usart2.o(i.USART2_IRQHandler) for USART2_IRQHandler
    startup_stm32f10x_hd.o(.text) refers (Special) to heapauxi.o(.text) for __use_two_region_memory
    startup_stm32f10x_hd.o(.text) refers to __main.o(!!!main) for __main
    startup_stm32f10x_hd.o(.text) refers to startup_stm32f10x_hd.o(HEAP) for Heap_Mem
    startup_stm32f10x_hd.o(.text) refers to startup_stm32f10x_hd.o(STACK) for Stack_Mem
    test.o(i.main) refers to sys.o(i.Stm32_Clock_Init) for Stm32_Clock_Init
    test.o(i.main) refers to delay.o(i.delay_init) for delay_init
    test.o(i.main) refers to usart.o(i.uart_init) for uart_init
    test.o(i.main) refers to usart2.o(i.USART2_Init) for USART2_Init
    test.o(i.main) refers to ili93xx.o(i.LCD_Init) for LCD_Init
    test.o(i.main) refers to led.o(i.LED_Init) for LED_Init
    test.o(i.main) refers to key.o(i.KEY_Init) for KEY_Init
    test.o(i.main) refers to key.o(i.KEY_Scan) for KEY_Scan
    test.o(i.main) refers to common.o(i.atk_8266_test) for atk_8266_test
    test.o(i.main) refers to usmart_config.o(.data) for usmart_dev
    delay.o(i.delay_init) refers to delay.o(.data) for fac_us
    delay.o(i.delay_ms) refers to delay.o(.data) for fac_ms
    delay.o(i.delay_us) refers to delay.o(.data) for fac_us
    sys.o(i.MYRCC_DeInit) refers to sys.o(i.MY_NVIC_SetVectorTable) for MY_NVIC_SetVectorTable
    sys.o(i.MY_NVIC_Init) refers to sys.o(i.MY_NVIC_PriorityGroupConfig) for MY_NVIC_PriorityGroupConfig
    sys.o(i.Stm32_Clock_Init) refers to sys.o(i.MYRCC_DeInit) for MYRCC_DeInit
    sys.o(i.Sys_Standby) refers to sys.o(i.WFI_SET) for WFI_SET
    usart.o(i.USART1_IRQHandler) refers (Special) to use_no_semi_2.o(.text) for __use_no_semihosting
    usart.o(i.USART1_IRQHandler) refers to usart.o(.data) for USART_RX_STA
    usart.o(i.USART1_IRQHandler) refers to usart.o(.bss) for USART_RX_BUF
    usart.o(i._sys_exit) refers (Special) to use_no_semi_2.o(.text) for __use_no_semihosting
    usart.o(i.fputc) refers (Special) to use_no_semi_2.o(.text) for __use_no_semihosting
    usart.o(i.uart_init) refers (Special) to use_no_semi_2.o(.text) for __use_no_semihosting
    usart.o(i.uart_init) refers to fflt_clz.o(x$fpl$ffltu) for __aeabi_ui2f
    usart.o(i.uart_init) refers to fdiv.o(x$fpl$fdiv) for __aeabi_fdiv
    usart.o(i.uart_init) refers to ffixu.o(x$fpl$ffixu) for __aeabi_f2uiz
    usart.o(i.uart_init) refers to faddsub_clz.o(x$fpl$frsb) for __aeabi_frsub
    usart.o(i.uart_init) refers to fmul.o(x$fpl$fmul) for __aeabi_fmul
    usart.o(i.uart_init) refers to sys.o(i.MY_NVIC_Init) for MY_NVIC_Init
    usart.o(.bss) refers (Special) to use_no_semi_2.o(.text) for __use_no_semihosting
    usart.o(.data) refers (Special) to use_no_semi_2.o(.text) for __use_no_semihosting
    24cxx.o(i.AT24CXX_Check) refers to 24cxx.o(i.AT24CXX_ReadOneByte) for AT24CXX_ReadOneByte
    24cxx.o(i.AT24CXX_Check) refers to 24cxx.o(i.AT24CXX_WriteOneByte) for AT24CXX_WriteOneByte
    24cxx.o(i.AT24CXX_Init) refers to myiic.o(i.IIC_Init) for IIC_Init
    24cxx.o(i.AT24CXX_Read) refers to 24cxx.o(i.AT24CXX_ReadOneByte) for AT24CXX_ReadOneByte
    24cxx.o(i.AT24CXX_ReadLenByte) refers to 24cxx.o(i.AT24CXX_ReadOneByte) for AT24CXX_ReadOneByte
    24cxx.o(i.AT24CXX_ReadOneByte) refers to myiic.o(i.IIC_Start) for IIC_Start
    24cxx.o(i.AT24CXX_ReadOneByte) refers to myiic.o(i.IIC_Send_Byte) for IIC_Send_Byte
    24cxx.o(i.AT24CXX_ReadOneByte) refers to myiic.o(i.IIC_Wait_Ack) for IIC_Wait_Ack
    24cxx.o(i.AT24CXX_ReadOneByte) refers to myiic.o(i.IIC_Read_Byte) for IIC_Read_Byte
    24cxx.o(i.AT24CXX_ReadOneByte) refers to myiic.o(i.IIC_Stop) for IIC_Stop
    24cxx.o(i.AT24CXX_Write) refers to 24cxx.o(i.AT24CXX_WriteOneByte) for AT24CXX_WriteOneByte
    24cxx.o(i.AT24CXX_WriteLenByte) refers to 24cxx.o(i.AT24CXX_WriteOneByte) for AT24CXX_WriteOneByte
    24cxx.o(i.AT24CXX_WriteOneByte) refers to myiic.o(i.IIC_Start) for IIC_Start
    24cxx.o(i.AT24CXX_WriteOneByte) refers to myiic.o(i.IIC_Send_Byte) for IIC_Send_Byte
[...]
    _printf_wc                                - Undefined Weak Reference
    _rand_init                                - Undefined Weak Reference
    _signal_finish                            - Undefined Weak Reference
    _signal_init                              - Undefined Weak Reference
    _terminate_alloc                          - Undefined Weak Reference
    _terminate_user_alloc                     - Undefined Weak Reference
    _terminateio                              - Undefined Weak Reference
    __Vectors_Size                           0x00000130   Number         0  startup_stm32f10x_hd.o ABSOLUTE
    __Vectors                                0x08000000   Data           4  startup_stm32f10x_hd.o(RESET)
    __Vectors_End                            0x08000130   Data           0  startup_stm32f10x_hd.o(RESET)
    __main                                   0x08000131   Thumb Code     8  __main.o(!!!main)
    __scatterload                            0x08000139   Thumb Code     0  __scatter.o(!!!scatter)
    __scatterload_rt2                        0x08000139   Thumb Code    44  __scatter.o(!!!scatter)
    __scatterload_rt2_thumb_only             0x08000139   Thumb Code     0  __scatter.o(!!!scatter)
    __scatterload_null                       0x08000147   Thumb Code     0  __scatter.o(!!!scatter)
    __decompress                             0x0800016d   Thumb Code    90  __dczerorl2.o(!!dczerorl2)
    __decompress1                            0x0800016d   Thumb Code     0  __dczerorl2.o(!!dczerorl2)
    __scatterload_zeroinit                   0x080001c9   Thumb Code    28  __scatter_zi.o(!!handler_zi)
    _printf_n                                0x080001e5   Thumb Code     0  _printf_n.o(.ARM.Collect$$_printf_percent$$00000001)
    _printf_percent                          0x080001e5   Thumb Code     0  _printf_percent.o(.ARM.Collect$$_printf_percent$$00000000)
    _printf_p                                0x080001eb   Thumb Code     0  _printf_p.o(.ARM.Collect$$_printf_percent$$00000002)
    _printf_f                                0x080001f1   Thumb Code     0  _printf_f.o(.ARM.Collect$$_printf_percent$$00000003)
    _printf_e                                0x080001f7   Thumb Code     0  _printf_e.o(.ARM.Collect$$_printf_percent$$00000004)
    _printf_g                                0x080001fd   Thumb Code     0  _printf_g.o(.ARM.Collect$$_printf_percent$$00000005)
    _printf_a                                0x08000203   Thumb Code     0  _printf_a.o(.ARM.Collect$$_printf_percent$$00000006)
    _printf_ll                               0x08000209   Thumb Code     0  _printf_ll.o(.ARM.Collect$$_printf_percent$$00000007)
    _printf_i                                0x08000213   Thumb Code     0  _printf_i.o(.ARM.Collect$$_printf_percent$$00000008)
    _printf_d                                0x08000219   Thumb Code     0  _printf_d.o(.ARM.Collect$$_printf_percent$$00000009)
    _printf_u                                0x0800021f   Thumb Code     0  _printf_u.o(.ARM.Collect$$_printf_percent$$0000000A)
    _printf_o                                0x08000225   Thumb Code     0  _printf_o.o(.ARM.Collect$$_printf_percent$$0000000B)
    _printf_x                                0x0800022b   Thumb Code     0  _printf_x.o(.ARM.Collect$$_printf_percent$$0000000C)
    _printf_lli                              0x08000231   Thumb Code     0  _printf_lli.o(.ARM.Collect$$_printf_percent$$0000000D)
    _printf_lld                              0x08000237   Thumb Code     0  _printf_lld.o(.ARM.Collect$$_printf_percent$$0000000E)
    _printf_llu                              0x0800023d   Thumb Code     0  _printf_llu.o(.ARM.Collect$$_printf_percent$$0000000F)
    _printf_llo                              0x08000243   Thumb Code     0  _printf_llo.o(.ARM.Collect$$_printf_percent$$00000010)
    _printf_llx                              0x08000249   Thumb Code     0  _printf_llx.o(.ARM.Collect$$_printf_percent$$00000011)
    _printf_l                                0x0800024f   Thumb Code     0  _printf_l.o(.ARM.Collect$$_printf_percent$$00000012)
    _printf_c                                0x08000259   Thumb Code     0  _printf_c.o(.ARM.Collect$$_printf_percent$$00000013)
    _printf_s                                0x0800025f   Thumb Code     0  _printf_s.o(.ARM.Collect$$_printf_percent$$00000014)
    _printf_lc                               0x08000265   Thumb Code     0  _printf_lc.o(.ARM.Collect$$_printf_percent$$00000015)
    _printf_ls                               0x0800026b   Thumb Code     0  _printf_ls.o(.ARM.Collect$$_printf_percent$$00000016)
    _printf_percent_end                      0x08000271   Thumb Code     0  _printf_percent_end.o(.ARM.Collect$$_printf_percent$$00000017)
    __rt_lib_init                            0x08000275   Thumb Code     0  libinit.o(.ARM.Collect$$libinit$$00000000)
    __rt_lib_init_fp_1                       0x08000277   Thumb Code     0  libinit2.o(.ARM.Collect$$libinit$$00000002)
    __rt_lib_init_heap_1                     0x08000277   Thumb Code     0  libinit2.o(.ARM.Collect$$libinit$$0000000A)
    __rt_lib_init_lc_common                  0x08000277   Thumb Code     0  libinit2.o(.ARM.Collect$$libinit$$0000000F)
    __rt_lib_init_preinit_1                  0x08000277   Thumb Code     0  libinit2.o(.ARM.Collect$$libinit$$00000004)
    __rt_lib_init_rand_1                     0x08000277   Thumb Code     0  libinit2.o(.ARM.Collect$$libinit$$0000000E)
    __rt_lib_init_user_alloc_1               0x08000277   Thumb Code     0  libinit2.o(.ARM.Collect$$libinit$$0000000C)
    __rt_lib_init_lc_collate_1               0x0800027d   Thumb Code     0  libinit2.o(.ARM.Collect$$libinit$$00000011)
    __rt_lib_init_lc_ctype_2                 0x0800027d   Thumb Code     0  libinit2.o(.ARM.Collect$$libinit$$00000012)
    __rt_lib_init_lc_ctype_1                 0x08000289   Thumb Code     0  libinit2.o(.ARM.Collect$$libinit$$00000013)
    __rt_lib_init_lc_monetary_1              0x08000289   Thumb Code     0  libinit2.o(.ARM.Collect$$libinit$$00000015)
    __rt_lib_init_lc_numeric_2               0x08000289   Thumb Code     0  libinit2.o(.ARM.Collect$$libinit$$00000016)
    __rt_lib_init_alloca_1                   0x08000293   Thumb Code     0  libinit2.o(.ARM.Collect$$libinit$$0000002E)
    __rt_lib_init_argv_1                     0x08000293   Thumb Code     0  libinit2.o(.ARM.Collect$$libinit$$0000002C)
    __rt_lib_init_atexit_1                   0x08000293   Thumb Code     0  libinit2.o(.ARM.Collect$$libinit$$0000001B)
    __rt_lib_init_clock_1                    0x08000293   Thumb Code     0  libinit2.o(.ARM.Collect$$libinit$$00000021)
    __rt_lib_init_cpp_1                      0x08000293   Thumb Code     0  libinit2.o(.ARM.Collect$$libinit$$00000032)
    __rt_lib_init_exceptions_1               0x08000293   Thumb Code     0  libinit2.o(.ARM.Collect$$libinit$$00000030)
    __rt_lib_init_fp_trap_1                  0x08000293   Thumb Code     0  libinit2.o(.ARM.Collect$$libinit$$0000001F)
    __rt_lib_init_getenv_1                   0x08000293   Thumb Code     0  libinit2.o(.ARM.Collect$$libinit$$00000023)
    __rt_lib_init_lc_numeric_1               0x08000293   Thumb Code     0  libinit2.o(.ARM.Collect$$libinit$$00000017)
    __rt_lib_init_lc_time_1                  0x08000293   Thumb Code     0  libinit2.o(.ARM.Collect$$libinit$$00000019)
    __rt_lib_init_return                     0x08000293   Thumb Code     0  libinit2.o(.ARM.Collect$$libinit$$00000033)
    __rt_lib_init_signal_1                   0x08000293   Thumb Code     0  libinit2.o(.ARM.Collect$$libinit$$0000001D)
    __rt_lib_init_stdio_1                    0x08000293   Thumb Code     0  libinit2.o(.ARM.Collect$$libinit$$00000025)
    __rt_lib_shutdown                        0x08000295   Thumb Code     0  libshutdown.o(.ARM.Collect$$libshutdown$$00000000)
    __rt_lib_shutdown_cpp_1                  0x08000297   Thumb Code     0  libshutdown2.o(.ARM.Collect$$libshutdown$$00000002)
    __rt_lib_shutdown_fp_trap_1              0x08000297   Thumb Code     0  libshutdown2.o(.ARM.Collect$$libshutdown$$00000007)
    __rt_lib_shutdown_heap_1                 0x08000297   Thumb Code     0  libshutdown2.o(.ARM.Collect$$libshutdown$$0000000F)
    __rt_lib_shutdown_return                 0x08000297   Thumb Code     0  libshutdown2.o(.ARM.Collect$$libshutdown$$00000010)
    __rt_lib_shutdown_signal_1               0x08000297   Thumb Code     0  libshutdown2.o(.ARM.Collect$$libshutdown$$0000000A)
    __rt_lib_shutdown_stdio_1                0x08000297   Thumb Code     0  libshutdown2.o(.ARM.Collect$$libshutdown$$00000004)
    __rt_lib_shutdown_user_alloc_1           0x08000297   Thumb Code     0  libshutdown2.o(.ARM.Collect$$libshutdown$$0000000C)
    __rt_entry                               0x08000299   Thumb Code     0  __rtentry.o(.ARM.Collect$$rtentry$$00000000)
    __rt_entry_presh_1                       0x08000299   Thumb Code     0  __rtentry2.o(.ARM.Collect$$rtentry$$00000002)
    __rt_entry_sh                            0x08000299   Thumb Code     0  __rtentry4.o(.ARM.Collect$$rtentry$$00000004)
    __rt_entry_li                            0x0800029f   Thumb Code     0  __rtentry2.o(.ARM.Collect$$rtentry$$0000000A)
    __rt_entry_postsh_1                      0x0800029f   Thumb Code     0  __rtentry2.o(.ARM.Collect$$rtentry$$00000009)
    __rt_entry_main                          0x080002a3   Thumb Code     0  __rtentry2.o(.ARM.Collect$$rtentry$$0000000D)
    __rt_entry_postli_1                      0x080002a3   Thumb Code     0  __rtentry2.o(.ARM.Collect$$rtentry$$0000000C)
    __rt_exit                                0x080002ab   Thumb Code     0  rtexit.o(.ARM.Collect$$rtexit$$00000000)
    __rt_exit_ls                             0x080002ad   Thumb Code     0  rtexit2.o(.ARM.Collect$$rtexit$$00000003)
    __rt_exit_prels_1                        0x080002ad   Thumb Code     0  rtexit2.o(.ARM.Collect$$rtexit$$00000002)
    __rt_exit_exit                           0x080002b1   Thumb Code     0  rtexit2.o(.ARM.Collect$$rtexit$$00000004)
    Reset_Handler                            0x080002b9   Thumb Code     4  startup_stm32f10x_hd.o(.text)
    NMI_Handler                              0x080002bd   Thumb Code     2  startup_stm32f10x_hd.o(.text)
    HardFault_Handler                        0x080002bf   Thumb Code     2  startup_stm32f10x_hd.o(.text)
    MemManage_Handler                        0x080002c1   Thumb Code     2  startup_stm32f10x_hd.o(.text)
    BusFault_Handler                         0x080002c3   Thumb Code     2  startup_stm32f10x_hd.o(.text)
    UsageFault_Handler                       0x080002c5   Thumb Code     2  startup_stm32f10x_hd.o(.text)
    SVC_Handler                              0x080002c7   Thumb Code     2  startup_stm32f10x_hd.o(.text)
    DebugMon_Handler                         0x080002c9   Thumb Code     2  startup_stm32f10x_hd.o(.text)
    PendSV_Handler                           0x080002cb   Thumb Code     2  startup_stm32f10x_hd.o(.text)
    SysTick_Handler                          0x080002cd   Thumb Code     2  startup_stm32f10x_hd.o(.text)
    ADC1_2_IRQHandler                        0x080002cf   Thumb Code     0  startup_stm32f10x_hd.o(.text)
    ADC3_IRQHandler                          0x080002cf   Thumb Code     0  startup_stm32f10x_hd.o(.text)
    CAN1_RX1_IRQHandler                      0x080002cf   Thumb Code     0  startup_stm32f10x_hd.o(.text)
    CAN1_SCE_IRQHandler                      0x080002cf   Thumb Code     0  startup_stm32f10x_hd.o(.text)
    DMA1_Channel1_IRQHandler                 0x080002cf   Thumb Code     0  startup_stm32f10x_hd.o(.text)
    DMA1_Channel2_IRQHandler                 0x080002cf   Thumb Code     0  startup_stm32f10x_hd.o(.text)
    DMA1_Channel3_IRQHandler                 0x080002cf   Thumb Code     0  startup_stm32f10x_hd.o(.text)
    DMA1_Channel4_IRQHandler                 0x080002cf   Thumb Code     0  startup_stm32f10x_hd.o(.text)
    DMA1_Channel5_IRQHandler                 0x080002cf   Thumb Code     0  startup_stm32f10x_hd.o(.text)
    DMA1_Channel6_IRQHandler                 0x080002cf   Thumb Code     0  startup_stm32f10x_hd.o(.text)
    DMA1_Channel7_IRQHandler                 0x080002cf   Thumb Code     0  startup_stm32f10x_hd.o(.text)
    DMA2_Channel1_IRQHandler                 0x080002cf   Thumb Code     0  startup_stm32f10x_hd.o(.text)
    DMA2_Channel2_IRQHandler                 0x080002cf   Thumb Code     0  startup_stm32f10x_hd.o(.text)
    DMA2_Channel3_IRQHandler                 0x080002cf   Thumb Code     0  startup_stm32f10x_hd.o(.text)
    DMA2_Channel4_5_IRQHandler               0x080002cf   Thumb Code     0  startup_stm32f10x_hd.o(.text)
    EXTI0_IRQHandler                         0x080002cf   Thumb Code     0  startup_stm32f10x_hd.o(.text)
    EXTI15_10_IRQHandler                     0x080002cf   Thumb Code     0  startup_stm32f10x_hd.o(.text)
    EXTI1_IRQHandler                         0x080002cf   Thumb Code     0  startup_stm32f10x_hd.o(.text)
    EXTI2_IRQHandler                         0x080002cf   Thumb Code     0  startup_stm32f10x_hd.o(.text)
    EXTI3_IRQHandler                         0x080002cf   Thumb Code     0  startup_stm32f10x_hd.o(.text)
    EXTI4_IRQHandler                         0x080002cf   Thumb Code     0  startup_stm32f10x_hd.o(.text)
    EXTI9_5_IRQHandler                       0x080002cf   Thumb Code     0  startup_stm32f10x_hd.o(.text)
    FLASH_IRQHandler                         0x080002cf   Thumb Code     0  startup_stm32f10x_hd.o(.text)
    FSMC_IRQHandler                          0x080002cf   Thumb Code     0  startup_stm32f10x_hd.o(.text)
    I2C1_ER_IRQHandler                       0x080002cf   Thumb Code     0  startup_stm32f10x_hd.o(.text)
    I2C1_EV_IRQHandler                       0x080002cf   Thumb Code     0  startup_stm32f10x_hd.o(.text)
    I2C2_ER_IRQHandler                       0x080002cf   Thumb Code     0  startup_stm32f10x_hd.o(.text)
    I2C2_EV_IRQHandler                       0x080002cf   Thumb Code     0  startup_stm32f10x_hd.o(.text)
    PVD_IRQHandler                           0x080002cf   Thumb Code     0  startup_stm32f10x_hd.o(.text)
    RCC_IRQHandler                           0x080002cf   Thumb Code     0  startup_stm32f10x_hd.o(.text)
    RTCAlarm_IRQHandler                      0x080002cf   Thumb Code     0  startup_stm32f10x_hd.o(.text)
    RTC_IRQHandler                           0x080002cf   Thumb Code     0  startup_stm32f10x_hd.o(.text)
    SDIO_IRQHandler                          0x080002cf   Thumb Code     0  startup_stm32f10x_hd.o(.text)
    SPI1_IRQHandler                          0x080002cf   Thumb Code     0  startup_stm32f10x_hd.o(.text)
    SPI2_IRQHandler                          0x080002cf   Thumb Code     0  startup_stm32f10x_hd.o(.text)
    SPI3_IRQHandler                          0x080002cf   Thumb Code     0  startup_stm32f10x_hd.o(.text)
    TAMPER_IRQHandler                        0x080002cf   Thumb Code     0  startup_stm32f10x_hd.o(.text)
    TIM1_BRK_IRQHandler                      0x080002cf   Thumb Code     0  startup_stm32f10x_hd.o(.text)
    TIM1_CC_IRQHandler                       0x080002cf   Thumb Code     0  startup_stm32f10x_hd.o(.text)
    TIM1_TRG_COM_IRQHandler                  0x080002cf   Thumb Code     0  startup_stm32f10x_hd.o(.text)
    TIM1_UP_IRQHandler                       0x080002cf   Thumb Code     0  startup_stm32f10x_hd.o(.text)
    TIM3_IRQHandler                          0x080002cf   Thumb Code     0  startup_stm32f10x_hd.o(.text)
    TIM5_IRQHandler                          0x080002cf   Thumb Code     0  startup_stm32f10x_hd.o(.text)
    TIM6_IRQHandler                          0x080002cf   Thumb Code     0  startup_stm32f10x_hd.o(.text)
    TIM7_IRQHandler                          0x080002cf   Thumb Code     0  startup_stm32f10x_hd.o(.text)
    TIM8_BRK_IRQHandler                      0x080002cf   Thumb Code     0  startup_stm32f10x_hd.o(.text)
    TIM8_CC_IRQHandler                       0x080002cf   Thumb Code     0  startup_stm32f10x_hd.o(.text)
    TIM8_TRG_COM_IRQHandler                  0x080002cf   Thumb Code     0  startup_stm32f10x_hd.o(.text)
    TIM8_UP_IRQHandler                       0x080002cf   Thumb Code     0  startup_stm32f10x_hd.o(.text)
    UART4_IRQHandler                         0x080002cf   Thumb Code     0  startup_stm32f10x_hd.o(.text)
    UART5_IRQHandler                         0x080002cf   Thumb Code     0  startup_stm32f10x_hd.o(.text)
    USART3_IRQHandler                        0x080002cf   Thumb Code     0  startup_stm32f10x_hd.o(.text)
    USBWakeUp_IRQHandler                     0x080002cf   Thumb Code     0  startup_stm32f10x_hd.o(.text)
    USB_HP_CAN1_TX_IRQHandler                0x080002cf   Thumb Code     0  startup_stm32f10x_hd.o(.text)
    USB_LP_CAN1_RX0_IRQHandler               0x080002cf   Thumb Code     0  startup_stm32f10x_hd.o(.text)
    WWDG_IRQHandler                          0x080002cf   Thumb Code     0  startup_stm32f10x_hd.o(.text)
    __user_initial_stackheap                 0x080002d1   Thumb Code     0  startup_stm32f10x_hd.o(.text)
    __use_no_semihosting                     0x080002f1   Thumb Code     2  use_no_semi_2.o(.text)
    __c89vsprintf                            0x080002f5   Thumb Code    32  c89vsprintf.o(.text)
    __2printf                                0x08000319   Thumb Code    20  __2printf.o(.text)
    __2sprintf                               0x08000331   Thumb Code    38  __2sprintf.o(.text)
    _printf_pre_padding                      0x0800035d   Thumb Code    44  _printf_pad.o(.text)
    _printf_post_padding                     0x08000389   Thumb Code    34  _printf_pad.o(.text)
    _printf_str                              0x080003ab   Thumb Code    82  _printf_str.o(.text)
    _printf_int_dec                          0x080003fd   Thumb Code   104  _printf_dec.o(.text)
    _printf_longlong_hex                     0x08000475   Thumb Code    86  _printf_hex_int_ll_ptr.o(.text)
    _printf_int_hex                          0x080004cb   Thumb Code    28  _printf_hex_int_ll_ptr.o(.text)
    _printf_ll_hex                           0x080004e7   Thumb Code    12  _printf_hex_int_ll_ptr.o(.text)
    _printf_hex_ptr                          0x080004f3   Thumb Code    18  _printf_hex_int_ll_ptr.o(.text)
    __printf                                 0x08000509   Thumb Code   388  __printf_flags_ss_wp.o(.text)
    strstr                                   0x08000691   Thumb Code    36  strstr.o(.text)
    strlen                                   0x080006b5   Thumb Code    62  strlen.o(.text)
    strcmp                                   0x080006f5   Thumb Code   128  strcmpv7m.o(.text)
    __use_two_region_memory                  0x08000775   Thumb Code     2  heapauxi.o(.text)
    __rt_heap_escrow$2region                 0x08000777   Thumb Code     2  heapauxi.o(.text)
    __rt_heap_expand$2region                 0x08000779   Thumb Code     2  heapauxi.o(.text)
    __I$use$semihosting                      0x0800077b   Thumb Code     0  use_no_semi.o(.text)
    __use_no_semihosting_swi                 0x0800077b   Thumb Code     2  use_no_semi.o(.text)
    __read_errno                             0x0800077d   Thumb Code    10  _rserrno.o(.text)
    __set_errno                              0x08000787   Thumb Code    12  _rserrno.o(.text)
    _printf_truncate_signed                  0x08000793   Thumb Code    18  _printf_truncate.o(.text)
    _printf_truncate_unsigned                0x080007a5   Thumb Code    18  _printf_truncate.o(.text)
    _printf_int_common                       0x080007b7   Thumb Code   178  _printf_intcommon.o(.text)
    _printf_charcount                        0x08000869   Thumb Code    40  _printf_charcount.o(.text)
    _printf_char_common                      0x0800089b   Thumb Code    32  _printf_char_common.o(.text)
    _sputc                                   0x080008c1   Thumb Code    10  _sputc.o(.text)
    _printf_cs_common                        0x080008cb   Thumb Code    20  _printf_char.o(.text)
    _printf_char                             0x080008df   Thumb Code    16  _printf_char.o(.text)
    _printf_string                           0x080008ef   Thumb Code     8  _printf_char.o(.text)
    _printf_char_file                        0x080008f9   Thumb Code    32  _printf_char_file.o(.text)
    _printf_wctomb                           0x0800091d   Thumb Code   182  _printf_wctomb.o(.text)
    _printf_longlong_dec                     0x080009d9   Thumb Code   108  _printf_longlong_dec.o(.text)
    _printf_longlong_oct                     0x08000a55   Thumb Code    68  _printf_oct_int_ll.o(.text)
    _printf_int_oct                          0x08000a99   Thumb Code    24  _printf_oct_int_ll.o(.text)
    _printf_ll_oct                           0x08000ab1   Thumb Code    12  _printf_oct_int_ll.o(.text)
    __aeabi_errno_addr                       0x08000ac5   Thumb Code     8  rt_errno_addr_intlibspace.o(.text)
    __errno$intlibspace                      0x08000ac5   Thumb Code     0  rt_errno_addr_intlibspace.o(.text)
    __rt_errno_addr$intlibspace              0x08000ac5   Thumb Code     0  rt_errno_addr_intlibspace.o(.text)
    _ll_udiv10                               0x08000acd   Thumb Code   138  lludiv10.o(.text)
    __lib_sel_fp_printf                      0x08000b57   Thumb Code     2  _printf_fp_dec.o(.text)
    _printf_fp_dec_real                      0x08000d05   Thumb Code   620  _printf_fp_dec.o(.text)
    _printf_lcs_common                       0x08000f71   Thumb Code    20  _printf_wchar.o(.text)
    _printf_wchar                            0x08000f85   Thumb Code    16  _printf_wchar.o(.text)
    _printf_wstring                          0x08000f95   Thumb Code     8  _printf_wchar.o(.text)
    ferror                                   0x08000f9d   Thumb Code     8  ferror.o(.text)
    _wcrtomb                                 0x08000fa5   Thumb Code    64  _wcrtomb.o(.text)
    __user_libspace                          0x08000fe5   Thumb Code     8  libspace.o(.text)
    __user_perproc_libspace                  0x08000fe5   Thumb Code     0  libspace.o(.text)
    __user_perthread_libspace                0x08000fe5   Thumb Code     0  libspace.o(.text)
    __user_setup_stackheap                   0x08000fed   Thumb Code    74  sys_stackheap_outer.o(.text)
    __rt_ctype_table                         0x08001039   Thumb Code    16  rt_ctype_table.o(.text)
    __rt_locale                              0x08001049   Thumb Code     8  rt_locale_intlibspace.o(.text)
    _printf_fp_infnan                        0x08001051   Thumb Code   112  _printf_fp_infnan.o(.text)
    _btod_etento                             0x080010d1   Thumb Code   216  bigflt0.o(.text)
    exit                                     0x080011ad   Thumb Code    18  exit.o(.text)
    _btod_d2e                                0x080011bf   Thumb Code    62  btod.o(CL$$btod_d2e)
    _d2e_denorm_low                          0x080011fd   Thumb Code    70  btod.o(CL$$btod_d2e_denorm_low)
    _d2e_norm_op1                            0x08001243   Thumb Code    96  btod.o(CL$$btod_d2e_norm_op1)
    __btod_div_common                        0x080012a3   Thumb Code   696  btod.o(CL$$btod_div_common)
    _e2e                                     0x080015db   Thumb Code   198  btod.o(CL$$btod_e2e)
    _btod_ediv                               0x080016a1   Thumb Code    40  btod.o(CL$$btod_ediv)
    _btod_emul                               0x080016c9   Thumb Code    40  btod.o(CL$$btod_emul)
    __btod_mult_common                       0x080016f1   Thumb Code   580  btod.o(CL$$btod_mult_common)
    AT24CXX_Init                             0x08001935   Thumb Code     8  24cxx.o(i.AT24CXX_Init)
    AT24CXX_ReadLenByte                      0x0800193d   Thumb Code    44  24cxx.o(i.AT24CXX_ReadLenByte)
    AT24CXX_ReadOneByte                      0x08001969   Thumb Code    88  24cxx.o(i.AT24CXX_ReadOneByte)
    AT24CXX_WriteLenByte                     0x080019c1   Thumb Code    42  24cxx.o(i.AT24CXX_WriteLenByte)
    AT24CXX_WriteOneByte                     0x080019eb   Thumb Code    80  24cxx.o(i.AT24CXX_WriteOneByte)
    CT_Delay                                 0x08001a3b   Thumb Code    10  ctiic.o(i.CT_Delay)
    CT_IIC_Ack                               0x08001a45   Thumb Code    66  ctiic.o(i.CT_IIC_Ack)
    CT_IIC_Init                              0x08001a95   Thumb Code    62  ctiic.o(i.CT_IIC_Init)
    CT_IIC_NAck                              0x08001add   Thumb Code    66  ctiic.o(i.CT_IIC_NAck)
    CT_IIC_Read_Byte                         0x08001b2d   Thumb Code    96  ctiic.o(i.CT_IIC_Read_Byte)
    CT_IIC_Send_Byte                         0x08001b99   Thumb Code    84  ctiic.o(i.CT_IIC_Send_Byte)
    CT_IIC_Start                             0x08001bf9   Thumb Code    62  ctiic.o(i.CT_IIC_Start)
    CT_IIC_Stop                              0x08001c45   Thumb Code    58  ctiic.o(i.CT_IIC_Stop)
    CT_IIC_Wait_Ack                          0x08001c8d   Thumb Code    84  ctiic.o(i.CT_IIC_Wait_Ack)
    FT5206_Init                              0x08001ced   Thumb Code   214  ft5206.o(i.FT5206_Init)
    FT5206_RD_Reg                            0x08001de1   Thumb Code    88  ft5206.o(i.FT5206_RD_Reg)
    FT5206_Scan                              0x08001e39   Thumb Code   400  ft5206.o(i.FT5206_Scan)
    FT5206_WR_Reg                            0x08001fd5   Thumb Code    82  ft5206.o(i.FT5206_WR_Reg)
    GT9147_Init                              0x08002029   Thumb Code   266  gt9147.o(i.GT9147_Init)
    GT9147_RD_Reg                            0x0800216d   Thumb Code    98  gt9147.o(i.GT9147_RD_Reg)
    GT9147_Scan                              0x080021d1   Thumb Code   408  gt9147.o(i.GT9147_Scan)
    GT9147_Send_Cfg                          0x08002375   Thumb Code    86  gt9147.o(i.GT9147_Send_Cfg)
    GT9147_WR_Reg                            0x080023d1   Thumb Code    92  gt9147.o(i.GT9147_WR_Reg)
    Get_HzMat                                0x0800242d   Thumb Code   220  text.o(i.Get_HzMat)
    IIC_Ack                                  0x0800250d   Thumb Code    66  myiic.o(i.IIC_Ack)
    IIC_Init                                 0x0800255d   Thumb Code    46  myiic.o(i.IIC_Init)
    IIC_NAck                                 0x08002595   Thumb Code    66  myiic.o(i.IIC_NAck)
    IIC_Read_Byte                            0x080025e5   Thumb Code    98  myiic.o(i.IIC_Read_Byte)
    IIC_Send_Byte                            0x08002655   Thumb Code    90  myiic.o(i.IIC_Send_Byte)
    IIC_Start                                0x080026bd   Thumb Code    64  myiic.o(i.IIC_Start)
    IIC_Stop                                 0x08002709   Thumb Code    64  myiic.o(i.IIC_Stop)
    IIC_Wait_Ack                             0x08002755   Thumb Code    86  myiic.o(i.IIC_Wait_Ack)
    JTAG_Set                                 0x080027b9   Thumb Code    38  sys.o(i.JTAG_Set)
    KEY_Init                                 0x080027e9   Thumb Code   124  key.o(i.KEY_Init)
    KEY_Scan                                 0x08002871   Thumb Code   120  key.o(i.KEY_Scan)
    LCD_Clear                                0x080028f5   Thumb Code   122  ili93xx.o(i.LCD_Clear)
    LCD_Display_Dir                          0x0800297d   Thumb Code   444  ili93xx.o(i.LCD_Display_Dir)
    LCD_DrawLine                             0x08002b3d   Thumb Code   176  ili93xx.o(i.LCD_DrawLine)
    LCD_DrawPoint                            0x08002bed   Thumb Code    52  ili93xx.o(i.LCD_DrawPoint)
    LCD_DrawRectangle                        0x08002c2d   Thumb Code    60  ili93xx.o(i.LCD_DrawRectangle)
    LCD_Draw_Circle                          0x08002c69   Thumb Code   152  ili93xx.o(i.LCD_Draw_Circle)
    LCD_Fast_DrawPoint                       0x08002d01   Thumb Code   854  ili93xx.o(i.LCD_Fast_DrawPoint)
    LCD_Fill                                 0x08003065   Thumb Code   200  ili93xx.o(i.LCD_Fill)
    LCD_Init                                 0x08003139   Thumb Code 15328  ili93xx.o(i.LCD_Init)
    LCD_Pow                                  0x08006d19   Thumb Code    22  ili93xx.o(i.LCD_Pow)
    LCD_RD_DATA                              0x08006d31   Thumb Code    98  ili93xx.o(i.LCD_RD_DATA)
    LCD_ReadReg                              0x08006da1   Thumb Code    16  ili93xx.o(i.LCD_ReadReg)
    LCD_SSD_BackLightSet                     0x08006db1   Thumb Code   198  ili93xx.o(i.LCD_SSD_BackLightSet)
    LCD_Scan_Dir                             0x08006e85   Thumb Code  1112  ili93xx.o(i.LCD_Scan_Dir)
    LCD_SetCursor                            0x080072dd   Thumb Code   944  ili93xx.o(i.LCD_SetCursor)
    LCD_ShowChar                             0x08007699   Thumb Code   272  ili93xx.o(i.LCD_ShowChar)
    LCD_ShowNum                              0x080077c1   Thumb Code   148  ili93xx.o(i.LCD_ShowNum)
    LCD_ShowString                           0x08007855   Thumb Code   102  ili93xx.o(i.LCD_ShowString)
    LCD_WR_DATAX                             0x080078bd   Thumb Code    28  ili93xx.o(i.LCD_WR_DATAX)
    LCD_WR_REG                               0x080078e1   Thumb Code    28  ili93xx.o(i.LCD_WR_REG)
    LCD_WriteRAM_Prepare                     0x08007905   Thumb Code    12  ili93xx.o(i.LCD_WriteRAM_Prepare)
    LCD_WriteReg                             0x08007915   Thumb Code    40  ili93xx.o(i.LCD_WriteReg)
    LED_Init                                 0x08007945   Thumb Code   100  led.o(i.LED_Init)
    MYRCC_DeInit                             0x080079b5   Thumb Code    90  sys.o(i.MYRCC_DeInit)
    MY_NVIC_Init                             0x08007a1d   Thumb Code   116  sys.o(i.MY_NVIC_Init)
    MY_NVIC_PriorityGroupConfig              0x08007a95   Thumb Code    32  sys.o(i.MY_NVIC_PriorityGroupConfig)
    MY_NVIC_SetVectorTable                   0x08007abd   Thumb Code    12  sys.o(i.MY_NVIC_SetVectorTable)
    OTT2001A_Init                            0x08007ad1   Thumb Code   154  ott2001a.o(i.OTT2001A_Init)
    OTT2001A_RD_Reg                          0x08007b89   Thumb Code    98  ott2001a.o(i.OTT2001A_RD_Reg)
    OTT2001A_Scan                            0x08007bed   Thumb Code   446  ott2001a.o(i.OTT2001A_Scan)
    OTT2001A_SensorControl                   0x08007dcd   Thumb Code    28  ott2001a.o(i.OTT2001A_SensorControl)
    OTT2001A_WR_Reg                          0x08007de9   Thumb Code    92  ott2001a.o(i.OTT2001A_WR_Reg)
    SPI1_ReadWriteByte                       0x08007e45   Thumb Code    78  spi.o(i.SPI1_ReadWriteByte)
    SPI_Flash_Read                           0x08007e99   Thumb Code    84  flash.o(i.SPI_Flash_Read)
    SPI_USART_IO_SET                         0x08007ef1   Thumb Code    82  flash.o(i.SPI_USART_IO_SET)
    Show_Font                                0x08007f49   Thumb Code   190  text.o(i.Show_Font)
    Show_Str                                 0x08008011   Thumb Code   194  text.o(i.Show_Str)
    Show_Str_Mid                             0x080080d5   Thumb Code   106  text.o(i.Show_Str_Mid)
    Stm32_Clock_Init                         0x08008145   Thumb Code   134  sys.o(i.Stm32_Clock_Init)
    TIM2_IRQHandler                          0x080081d5   Thumb Code    52  usmart.o(i.TIM2_IRQHandler)
    TIM4_IRQHandler                          0x0800820d   Thumb Code    44  usart2.o(i.TIM4_IRQHandler)
    TIM4_Init                                0x08008241   Thumb Code    72  usart2.o(i.TIM4_Init)
    TIM4_Set                                 0x08008291   Thumb Code    44  usart2.o(i.TIM4_Set)
    TP_Adj_Info_Show                         0x080082c1   Thumb Code   374  touch.o(i.TP_Adj_Info_Show)
    TP_Adjust                                0x08008469   Thumb Code  2058  touch.o(i.TP_Adjust)
    TP_Drow_Touch_Point                      0x08008cc5   Thumb Code   108  touch.o(i.TP_Drow_Touch_Point)
    TP_Get_Adjdata                           0x08008d35   Thumb Code   152  touch.o(i.TP_Get_Adjdata)
    TP_Init                                  0x08008ddd   Thumb Code   274  touch.o(i.TP_Init)
    TP_Read_AD                               0x08008f0d   Thumb Code   136  touch.o(i.TP_Read_AD)
    TP_Read_XOY                              0x08008f9d   Thumb Code   120  touch.o(i.TP_Read_XOY)
    TP_Read_XY                               0x08009015   Thumb Code    38  touch.o(i.TP_Read_XY)
    TP_Read_XY2                              0x08009045   Thumb Code   192  touch.o(i.TP_Read_XY2)
    TP_Save_Adjdata                          0x08009105   Thumb Code   110  touch.o(i.TP_Save_Adjdata)
    TP_Scan                                  0x0800917d   Thumb Code   262  touch.o(i.TP_Scan)
    TP_Write_Byte                            0x0800928d   Thumb Code    66  touch.o(i.TP_Write_Byte)
    Timer2_Init                              0x080092d9   Thumb Code    58  usmart.o(i.Timer2_Init)
    USART1_IRQHandler                        0x08009319   Thumb Code   118  usart.o(i.USART1_IRQHandler)
    USART2_IRQHandler                        0x0800939d   Thumb Code    80  usart2.o(i.USART2_IRQHandler)
    USART2_Init                              0x080093fd   Thumb Code   146  usart2.o(i.USART2_Init)
    __ARM_fpclassify                         0x080094a5   Thumb Code    40  fpclassify.o(i.__ARM_fpclassify)
    _is_digit                                0x080094cd   Thumb Code    14  __printf_wp.o(i._is_digit)
    _sys_exit                                0x080094db   Thumb Code     6  usart.o(i._sys_exit)
    atk_8266_apsta_test                      0x080094e1   Thumb Code  2056  apsta.o(i.atk_8266_apsta_test)
    atk_8266_at_response                     0x08009d81   Thumb Code    46  common.o(i.atk_8266_at_response)
    atk_8266_check_cmd                       0x08009dbd   Thumb Code    44  common.o(i.atk_8266_check_cmd)
    atk_8266_consta_check                    0x08009df1   Thumb Code    36  common.o(i.atk_8266_consta_check)
    atk_8266_get_ip                          0x08009e35   Thumb Code   226  common.o(i.atk_8266_get_ip)
    atk_8266_get_keynum                      0x08009f69   Thumb Code   230  common.o(i.atk_8266_get_keynum)
    atk_8266_get_wanip                       0x0800a059   Thumb Code    58  common.o(i.atk_8266_get_wanip)
    atk_8266_ip_set                          0x0800a0ad   Thumb Code   366  common.o(i.atk_8266_ip_set)
    atk_8266_key_staset                      0x0800a259   Thumb Code   292  common.o(i.atk_8266_key_staset)
    atk_8266_load_keyboard                   0x0800a385   Thumb Code   280  common.o(i.atk_8266_load_keyboard)
    atk_8266_mode_cofig                      0x0800a4a9   Thumb Code   350  common.o(i.atk_8266_mode_cofig)
    atk_8266_msg_show                        0x0800a71d   Thumb Code   636  common.o(i.atk_8266_msg_show)
    atk_8266_mtest_ui                        0x0800aa65   Thumb Code   166  common.o(i.atk_8266_mtest_ui)
    atk_8266_netpro_sel                      0x0800ab69   Thumb Code   502  common.o(i.atk_8266_netpro_sel)
    atk_8266_quit_trans                      0x0800adcd   Thumb Code   100  common.o(i.atk_8266_quit_trans)
    atk_8266_send_cmd                        0x0800ae3d   Thumb Code    92  common.o(i.atk_8266_send_cmd)
    atk_8266_send_data                       0x0800aeb1   Thumb Code    84  common.o(i.atk_8266_send_data)
    atk_8266_test                            0x0800af0d   Thumb Code   216  common.o(i.atk_8266_test)
    atk_8266_wifiap_test                     0x0800b0ad   Thumb Code  1946  wifiap.o(i.atk_8266_wifiap_test)
    atk_8266_wificonf_show                   0x0800b899   Thumb Code   230  common.o(i.atk_8266_wificonf_show)
    atk_8266_wifista_test                    0x0800b9a1   Thumb Code  2060  wifista.o(i.atk_8266_wifista_test)
    delay_init                               0x0800c225   Thumb Code    56  delay.o(i.delay_init)
    delay_ms                                 0x0800c265   Thumb Code    56  delay.o(i.delay_ms)
    delay_us                                 0x0800c2a1   Thumb Code    56  delay.o(i.delay_us)
    fputc                                    0x0800c2dd   Thumb Code    24  usart.o(i.fputc)
    main                                     0x0800c2f9   Thumb Code    72  test.o(i.main)
    mem_free                                 0x0800c345   Thumb Code    66  malloc.o(i.mem_free)
    mem_init                                 0x0800c38d   Thumb Code    38  malloc.o(i.mem_init)
    mem_malloc                               0x0800c3b9   Thumb Code   116  malloc.o(i.mem_malloc)
    mem_perused                              0x0800c431   Thumb Code    42  malloc.o(i.mem_perused)
    myfree                                   0x0800c461   Thumb Code    24  malloc.o(i.myfree)
    mymalloc                                 0x0800c47d   Thumb Code    28  malloc.o(i.mymalloc)
    mymemset                                 0x0800c49d   Thumb Code    20  malloc.o(i.mymemset)
    read_addr                                0x0800c4b1   Thumb Code     6  usmart.o(i.read_addr)
    sqrt                                     0x0800c4b7   Thumb Code    76  sqrt.o(i.sqrt)
    u2_printf                                0x0800c505   Thumb Code    72  usart2.o(i.u2_printf)
    uart_init                                0x0800c555   Thumb Code   202  usart.o(i.uart_init)
    usmart_cmd_rec                           0x0800c631   Thumb Code   170  usmart.o(i.usmart_cmd_rec)
    usmart_exe                               0x0800c6e1   Thumb Code   634  usmart.o(i.usmart_exe)
    usmart_get_aparm                         0x0800c9b9   Thumb Code   200  usmart_str.o(i.usmart_get_aparm)
    usmart_get_cmdname                       0x0800ca81   Thumb Code    54  usmart_str.o(i.usmart_get_cmdname)
    usmart_get_fname                         0x0800cab9   Thumb Code   440  usmart_str.o(i.usmart_get_fname)
    usmart_get_fparam                        0x0800cc79   Thumb Code   262  usmart_str.o(i.usmart_get_fparam)
    usmart_get_parmpos                       0x0800cd85   Thumb Code    26  usmart_str.o(i.usmart_get_parmpos)
    usmart_get_runtime                       0x0800cda5   Thumb Code    58  usmart.o(i.usmart_get_runtime)
    usmart_init                              0x0800cde5   Thumb Code    36  usmart.o(i.usmart_init)
    usmart_pow                               0x0800ce0d   Thumb Code    22  usmart_str.o(i.usmart_pow)
    usmart_reset_runtime                     0x0800ce25   Thumb Code    34  usmart.o(i.usmart_reset_runtime)
    usmart_scan                              0x0800ce4d   Thumb Code   120  usmart.o(i.usmart_scan)
    usmart_search_nextc                      0x0800cf09   Thumb Code    22  usmart_str.o(i.usmart_search_nextc)
    usmart_str2num                           0x0800cf1f   Thumb Code   202  usmart_str.o(i.usmart_str2num)
    usmart_strcmp                            0x0800cfe9   Thumb Code    34  usmart_str.o(i.usmart_strcmp)
    usmart_strcopy                           0x0800d00b   Thumb Code    22  usmart_str.o(i.usmart_strcopy)
    usmart_strlen                            0x0800d021   Thumb Code    24  usmart_str.o(i.usmart_strlen)
    usmart_sys_cmd_exe                       0x0800d039   Thumb Code  1554  usmart.o(i.usmart_sys_cmd_exe)
    write_addr                               0x0800d71d   Thumb Code     4  usmart.o(i.write_addr)
    _get_lc_numeric                          0x0800d721   Thumb Code    44  lc_numeric_c.o(locale$$code)
    _get_lc_ctype                            0x0800d74d   Thumb Code    44  lc_ctype_c.o(locale$$code)
    __aeabi_dadd                             0x0800d779   Thumb Code     0  daddsub_clz.o(x$fpl$dadd)
    _dadd                                    0x0800d779   Thumb Code   332  daddsub_clz.o(x$fpl$dadd)
    __fpl_dcmp_Inf                           0x0800d8c9   Thumb Code    24  dcmpi.o(x$fpl$dcmpinf)
    __aeabi_d2uiz                            0x0800d8e1   Thumb Code     0  dfixu.o(x$fpl$dfixu)
    _dfixu                                   0x0800d8e1   Thumb Code    90  dfixu.o(x$fpl$dfixu)
    __aeabi_i2d                              0x0800d93b   Thumb Code     0  dflt_clz.o(x$fpl$dflt)
    _dflt                                    0x0800d93b   Thumb Code    46  dflt_clz.o(x$fpl$dflt)
    __aeabi_ui2d                             0x0800d969   Thumb Code     0  dflt_clz.o(x$fpl$dfltu)
    _dfltu                                   0x0800d969   Thumb Code    38  dflt_clz.o(x$fpl$dfltu)
    __aeabi_cdcmple                          0x0800d991   Thumb Code     0  dleqf.o(x$fpl$dleqf)
    _dcmple                                  0x0800d991   Thumb Code   120  dleqf.o(x$fpl$dleqf)
    __fpl_dcmple_InfNaN                      0x0800d9f3   Thumb Code     0  dleqf.o(x$fpl$dleqf)
    __aeabi_dmul                             0x0800da09   Thumb Code     0  dmul.o(x$fpl$dmul)
    _dmul                                    0x0800da09   Thumb Code   332  dmul.o(x$fpl$dmul)
    __fpl_dnaninf                            0x0800db5d   Thumb Code   156  dnaninf.o(x$fpl$dnaninf)
    __fpl_dretinf                            0x0800dbf9   Thumb Code    12  dretinf.o(x$fpl$dretinf)
    __aeabi_cdrcmple                         0x0800dc05   Thumb Code     0  drleqf.o(x$fpl$drleqf)
    _drcmple                                 0x0800dc05   Thumb Code   108  drleqf.o(x$fpl$drleqf)
    __aeabi_drsub                            0x0800dc71   Thumb Code     0  daddsub_clz.o(x$fpl$drsb)
    _drsb                                    0x0800dc71   Thumb Code    22  daddsub_clz.o(x$fpl$drsb)
    _dsqrt                                   0x0800dc89   Thumb Code   456  dsqrt_noumaal.o(x$fpl$dsqrt)
    __aeabi_dsub                             0x0800de55   Thumb Code     0  daddsub_clz.o(x$fpl$dsub)
    _dsub                                    0x0800de55   Thumb Code   464  daddsub_clz.o(x$fpl$dsub)
    __aeabi_f2d                              0x0800e029   Thumb Code     0  f2d.o(x$fpl$f2d)
    _f2d                                     0x0800e029   Thumb Code    86  f2d.o(x$fpl$f2d)
    __aeabi_fadd                             0x0800e081   Thumb Code     0  faddsub_clz.o(x$fpl$fadd)
    _fadd                                    0x0800e081   Thumb Code   196  faddsub_clz.o(x$fpl$fadd)
    __aeabi_fdiv                             0x0800e145   Thumb Code     0  fdiv.o(x$fpl$fdiv)
    _fdiv                                    0x0800e145   Thumb Code   384  fdiv.o(x$fpl$fdiv)
    __aeabi_f2iz                             0x0800e2c9   Thumb Code     0  ffix.o(x$fpl$ffix)
    _ffix                                    0x0800e2c9   Thumb Code    54  ffix.o(x$fpl$ffix)
    __aeabi_f2uiz                            0x0800e301   Thumb Code     0  ffixu.o(x$fpl$ffixu)
    _ffixu                                   0x0800e301   Thumb Code    62  ffixu.o(x$fpl$ffixu)
    __aeabi_i2f                              0x0800e341   Thumb Code     0  fflt_clz.o(x$fpl$fflt)
    _fflt                                    0x0800e341   Thumb Code    48  fflt_clz.o(x$fpl$fflt)
    __aeabi_ui2f                             0x0800e371   Thumb Code     0  fflt_clz.o(x$fpl$ffltu)
    _ffltu                                   0x0800e371   Thumb Code    38  fflt_clz.o(x$fpl$ffltu)
    __aeabi_fmul                             0x0800e399   Thumb Code     0  fmul.o(x$fpl$fmul)
    _fmul                                    0x0800e399   Thumb Code   258  fmul.o(x$fpl$fmul)
    __fpl_fnaninf                            0x0800e49b   Thumb Code   140  fnaninf.o(x$fpl$fnaninf)
    __fpl_fretinf                            0x0800e527   Thumb Code    10  fretinf.o(x$fpl$fretinf)
    __aeabi_frsub                            0x0800e531   Thumb Code     0  faddsub_clz.o(x$fpl$frsb)
    _frsb                                    0x0800e531   Thumb Code    20  faddsub_clz.o(x$fpl$frsb)
    __aeabi_fsub                             0x0800e545   Thumb Code     0  faddsub_clz.o(x$fpl$fsub)
    _fsub                                    0x0800e545   Thumb Code   234  faddsub_clz.o(x$fpl$fsub)
    _printf_fp_dec                           0x0800e62f   Thumb Code     4  printf1.o(x$fpl$printf1)
    __I$use$fp                               0x0800e632   Number         0  usenofp.o(x$fpl$usenofp)
    asc2_1206                                0x0800e632   Data        1140  ili93xx.o(.constdata)
    asc2_1608                                0x0800eaa6   Data        1520  ili93xx.o(.constdata)
    asc2_2412                                0x0800f096   Data        3420  ili93xx.o(.constdata)
    FT5206_TPX_TBL                           0x0800fdf2   Data          10  ft5206.o(.constdata)
    GT9147_CFG_TBL                           0x0800fdfc   Data         184  gt9147.o(.constdata)
    GT9147_TPX_TBL                           0x0800feb4   Data          10  gt9147.o(.constdata)
    OTT_TPX_TBL                              0x0800febe   Data          10  ott2001a.o(.constdata)
    TP_REMIND_MSG_TBL                        0x0800fec8   Data           4  touch.o(.constdata)
    Region$$Table$$Base                      0x080101c4   Number         0  anon$$obj.o(Region$$Table)
    Region$$Table$$Limit                     0x080101e4   Number         0  anon$$obj.o(Region$$Table)
    __ctype                                  0x0801020d   Data           0  lc_ctype_c.o(locale$$data)
    __stdout                                 0x20000004   Data           4  usart.o(.data)
    USART_RX_STA                             0x20000008   Data           2  usart.o(.data)
    POINT_COLOR                              0x2000000c   Data           2  ili93xx.o(.data)
    BACK_COLOR                               0x2000000e   Data           2  ili93xx.o(.data)
    tp_dev                                   0x20000014   Data          52  touch.o(.data)
    CMD_RDX                                  0x20000048   Data           1  touch.o(.data)
    CMD_RDY                                  0x20000049   Data           1  touch.o(.data)
    USART2_RX_STA                            0x2000004a   Data           2  usart2.o(.data)
    sys_cmd_tab                              0x2000004c   Data          28  usmart.o(.data)
    usmart_nametab                           0x20000068   Data          32  usmart_config.o(.data)
    usmart_dev                               0x20000088   Data         244  usmart_config.o(.data)
    portnum                                  0x2000017c   Data           4  common.o(.data)
    wifista_ssid                             0x20000180   Data           4  common.o(.data)
    wifista_encryption                       0x20000184   Data           4  common.o(.data)
    wifista_password                         0x20000188   Data           4  common.o(.data)
    wifiap_ssid                              0x2000018c   Data           4  common.o(.data)
    wifiap_encryption                        0x20000190   Data           4  common.o(.data)
    wifiap_password                          0x20000194   Data           4  common.o(.data)
    ATK_ESP8266_CWMODE_TBL                   0x20000198   Data          12  common.o(.data)
    ATK_ESP8266_WORKMODE_TBL                 0x200001a4   Data          12  common.o(.data)
    ATK_ESP8266_ECN_TBL                      0x200001b0   Data          20  common.o(.data)
    kbd_tbl                                  0x200001c4   Data          52  common.o(.data)
    kbd_fn_tbl                               0x200001f8   Data           8  common.o(.data)
    netpro                                   0x20000201   Data           1  wifista.o(.data)
    mallco_dev                               0x20000204   Data          20  malloc.o(.data)
    USART_RX_BUF                             0x20000218   Data         200  usart.o(.bss)
    lcddev                                   0x200002e0   Data          14  ili93xx.o(.bss)
    USART2_TX_BUF                            0x200002f0   Data        1024  usart2.o(.bss)
    USART2_RX_BUF                            0x200006f0   Data        1024  usart2.o(.bss)
    ftinfo                                   0x20000af0   Data          33  fontupd.o(.bss)
    membase                                  0x20000b14   Data       40960  malloc.o(.bss)
    memmapbase                               0x2000ab14   Data        2560  malloc.o(.bss)
    __libspace_start                         0x2000b514   Data          96  libspace.o(.bss)
    __temporary_stack_top$libspace           0x2000b574   Data           0  libspace.o(.bss)



==============================================================================

Memory Map of the image

  Image Entry point : 0x08000131

  Load Region LR_IROM1 (Base: 0x08000000, Size: 0x00010528, Max: 0x00040000, ABSOLUTE, COMPRESSED[0x000103e0])

    Execution Region ER_IROM1 (Base: 0x08000000, Size: 0x00010310, Max: 0x00040000, ABSOLUTE)

    Base Addr    Size         Type   Attr      Idx    E Section Name        Object

    0x08000000   0x00000130   Data   RO            3    RESET               startup_stm32f10x_hd.o
    0x08000130   0x00000008   Code   RO         2368  * !!!main             c_w.l(__main.o)
    0x08000138   0x00000034   Code   RO         2710    !!!scatter          c_w.l(__scatter.o)
    0x0800016c   0x0000005a   Code   RO         2708    !!dczerorl2         c_w.l(__dczerorl2.o)
    0x080001c6   0x00000002   PAD
    0x080001c8   0x0000001c   Code   RO         2712    !!handler_zi        c_w.l(__scatter_zi.o)
    0x080001e4   0x00000000   Code   RO         2357    .ARM.Collect$$_printf_percent$$00000000  c_w.l(_printf_percent.o)
    0x080001e4   0x00000006   Code   RO         2460    .ARM.Collect$$_printf_percent$$00000001  c_w.l(_printf_n.o)
    0x080001ea   0x00000006   Code   RO         2461    .ARM.Collect$$_printf_percent$$00000002  c_w.l(_printf_p.o)
    0x080001f0   0x00000006   Code   RO         2464    .ARM.Collect$$_printf_percent$$00000003  c_w.l(_printf_f.o)
    0x080001f6   0x00000006   Code   RO         2465    .ARM.Collect$$_printf_percent$$00000004  c_w.l(_printf_e.o)
    0x080001fc   0x00000006   Code   RO         2466    .ARM.Collect$$_printf_percent$$00000005  c_w.l(_printf_g.o)
    0x08000202   0x00000006   Code   RO         2467    .ARM.Collect$$_printf_percent$$00000006  c_w.l(_printf_a.o)
    0x08000208   0x0000000a   Code   RO         2472    .ARM.Collect$$_printf_percent$$00000007  c_w.l(_printf_ll.o)
    0x08000212   0x00000006   Code   RO         2463    .ARM.Collect$$_printf_percent$$00000008  c_w.l(_printf_i.o)
    0x08000218   0x00000006   Code   RO         2355    .ARM.Collect$$_printf_percent$$00000009  c_w.l(_printf_d.o)
    0x0800021e   0x00000006   Code   RO         2356    .ARM.Collect$$_printf_percent$$0000000A  c_w.l(_printf_u.o)
    0x08000224   0x00000006   Code   RO         2462    .ARM.Collect$$_printf_percent$$0000000B  c_w.l(_printf_o.o)
    0x0800022a   0x00000006   Code   RO         2354    .ARM.Collect$$_printf_percent$$0000000C  c_w.l(_printf_x.o)
    0x08000230   0x00000006   Code   RO         2469    .ARM.Collect$$_printf_percent$$0000000D  c_w.l(_printf_lli.o)
    0x08000236   0x00000006   Code   RO         2470    .ARM.Collect$$_printf_percent$$0000000E  c_w.l(_printf_lld.o)
    0x0800023c   0x00000006   Code   RO         2471    .ARM.Collect$$_printf_percent$$0000000F  c_w.l(_printf_llu.o)
    0x08000242   0x00000006   Code   RO         2476    .ARM.Collect$$_printf_percent$$00000010  c_w.l(_printf_llo.o)
    0x08000248   0x00000006   Code   RO         2477    .ARM.Collect$$_printf_percent$$00000011  c_w.l(_printf_llx.o)
    0x0800024e   0x0000000a   Code   RO         2473    .ARM.Collect$$_printf_percent$$00000012  c_w.l(_printf_l.o)
    0x08000258   0x00000006   Code   RO         2352    .ARM.Collect$$_printf_percent$$00000013  c_w.l(_printf_c.o)
    0x0800025e   0x00000006   Code   RO         2353    .ARM.Collect$$_printf_percent$$00000014  c_w.l(_printf_s.o)
    0x08000264   0x00000006   Code   RO         2474    .ARM.Collect$$_printf_percent$$00000015  c_w.l(_printf_lc.o)
    0x0800026a   0x00000006   Code   RO         2475    .ARM.Collect$$_printf_percent$$00000016  c_w.l(_printf_ls.o)
    0x08000270   0x00000004   Code   RO         2468    .ARM.Collect$$_printf_percent$$00000017  c_w.l(_printf_percent_end.o)
    0x08000274   0x00000002   Code   RO         2578    .ARM.Collect$$libinit$$00000000  c_w.l(libinit.o)
    0x08000276   0x00000000   Code   RO         2589    .ARM.Collect$$libinit$$00000002  c_w.l(libinit2.o)
    0x08000276   0x00000000   Code   RO         2591    .ARM.Collect$$libinit$$00000004  c_w.l(libinit2.o)
    0x08000276   0x00000000   Code   RO         2594    .ARM.Collect$$libinit$$0000000A  c_w.l(libinit2.o)
    0x08000276   0x00000000   Code   RO         2596    .ARM.Collect$$libinit$$0000000C  c_w.l(libinit2.o)
    0x08000276   0x00000000   Code   RO         2598    .ARM.Collect$$libinit$$0000000E  c_w.l(libinit2.o)
    0x08000276   0x00000006   Code   RO         2599    .ARM.Collect$$libinit$$0000000F  c_w.l(libinit2.o)
    0x0800027c   0x00000000   Code   RO         2601    .ARM.Collect$$libinit$$00000011  c_w.l(libinit2.o)
    0x0800027c   0x0000000c   Code   RO         2602    .ARM.Collect$$libinit$$00000012  c_w.l(libinit2.o)
    0x08000288   0x00000000   Code   RO         2603    .ARM.Collect$$libinit$$00000013  c_w.l(libinit2.o)
    0x08000288   0x00000000   Code   RO         2605    .ARM.Collect$$libinit$$00000015  c_w.l(libinit2.o)
    0x08000288   0x0000000a   Code   RO         2606    .ARM.Collect$$libinit$$00000016  c_w.l(libinit2.o)
    0x08000292   0x00000000   Code   RO         2607    .ARM.Collect$$libinit$$00000017  c_w.l(libinit2.o)
    0x08000292   0x00000000   Code   RO         2609    .ARM.Collect$$libinit$$00000019  c_w.l(libinit2.o)
    0x08000292   0x00000000   Code   RO         2611    .ARM.Collect$$libinit$$0000001B  c_w.l(libinit2.o)
    0x08000292   0x00000000   Code   RO         2613    .ARM.Collect$$libinit$$0000001D  c_w.l(libinit2.o)
    0x08000292   0x00000000   Code   RO         2615    .ARM.Collect$$libinit$$0000001F  c_w.l(libinit2.o)
    0x08000292   0x00000000   Code   RO         2617    .ARM.Collect$$libinit$$00000021  c_w.l(libinit2.o)
    0x08000292   0x00000000   Code   RO         2619    .ARM.Collect$$libinit$$00000023  c_w.l(libinit2.o)
    0x08000292   0x00000000   Code   RO         2621    .ARM.Collect$$libinit$$00000025  c_w.l(libinit2.o)
    0x08000292   0x00000000   Code   RO         2625    .ARM.Collect$$libinit$$0000002C  c_w.l(libinit2.o)
    0x08000292   0x00000000   Code   RO         2627    .ARM.Collect$$libinit$$0000002E  c_w.l(libinit2.o)
    0x08000292   0x00000000   Code   RO         2629    .ARM.Collect$$libinit$$00000030  c_w.l(libinit2.o)
    0x08000292   0x00000000   Code   RO         2631    .ARM.Collect$$libinit$$00000032  c_w.l(libinit2.o)
    0x08000292   0x00000002   Code   RO         2632    .ARM.Collect$$libinit$$00000033  c_w.l(libinit2.o)
    0x08000294   0x00000002   Code   RO         2650    .ARM.Collect$$libshutdown$$00000000  c_w.l(libshutdown.o)
    0x08000296   0x00000000   Code   RO         2660    .ARM.Collect$$libshutdown$$00000002  c_w.l(libshutdown2.o)
    0x08000296   0x00000000   Code   RO         2662    .ARM.Collect$$libshutdown$$00000004  c_w.l(libshutdown2.o)
    0x08000296   0x00000000   Code   RO         2665    .ARM.Collect$$libshutdown$$00000007  c_w.l(libshutdown2.o)
    0x08000296   0x00000000   Code   RO         2668    .ARM.Collect$$libshutdown$$0000000A  c_w.l(libshutdown2.o)
    0x08000296   0x00000000   Code   RO         2670    .ARM.Collect$$libshutdown$$0000000C  c_w.l(libshutdown2.o)
    0x08000296   0x00000000   Code   RO         2673    .ARM.Collect$$libshutdown$$0000000F  c_w.l(libshutdown2.o)
    0x08000296   0x00000002   Code   RO         2674    .ARM.Collect$$libshutdown$$00000010  c_w.l(libshutdown2.o)
    0x08000298   0x00000000   Code   RO         2432    .ARM.Collect$$rtentry$$00000000  c_w.l(__rtentry.o)
    0x08000298   0x00000000   Code   RO         2496    .ARM.Collect$$rtentry$$00000002  c_w.l(__rtentry2.o)
    0x08000298   0x00000006   Code   RO         2508    .ARM.Collect$$rtentry$$00000004  c_w.l(__rtentry4.o)
    0x0800029e   0x00000000   Code   RO         2498    .ARM.Collect$$rtentry$$00000009  c_w.l(__rtentry2.o)
    0x0800029e   0x00000004   Code   RO         2499    .ARM.Collect$$rtentry$$0000000A  c_w.l(__rtentry2.o)
    0x080002a2   0x00000000   Code   RO         2501    .ARM.Collect$$rtentry$$0000000C  c_w.l(__rtentry2.o)
    0x080002a2   0x00000008   Code   RO         2502    .ARM.Collect$$rtentry$$0000000D  c_w.l(__rtentry2.o)
    0x080002aa   0x00000002   Code   RO         2583    .ARM.Collect$$rtexit$$00000000  c_w.l(rtexit.o)
    0x080002ac   0x00000000   Code   RO         2634    .ARM.Collect$$rtexit$$00000002  c_w.l(rtexit2.o)
    0x080002ac   0x00000004   Code   RO         2635    .ARM.Collect$$rtexit$$00000003  c_w.l(rtexit2.o)
    0x080002b0   0x00000006   Code   RO         2636    .ARM.Collect$$rtexit$$00000004  c_w.l(rtexit2.o)
    0x080002b6   0x00000002   PAD
    0x080002b8   0x00000038   Code   RO            4    .text               startup_stm32f10x_hd.o
    0x080002f0   0x00000002   Code   RO         2291    .text               c_w.l(use_no_semi_2.o)
    0x080002f2   0x00000002   PAD
    0x080002f4   0x00000024   Code   RO         2293    .text               c_w.l(c89vsprintf.o)
    0x08000318   0x00000018   Code   RO         2295    .text               c_w.l(__2printf.o)
    0x08000330   0x0000002c   Code   RO         2297    .text               c_w.l(__2sprintf.o)
    0x0800035c   0x0000004e   Code   RO         2305    .text               c_w.l(_printf_pad.o)
    0x080003aa   0x00000052   Code   RO         2307    .text               c_w.l(_printf_str.o)
    0x080003fc   0x00000078   Code   RO         2309    .text               c_w.l(_printf_dec.o)
    0x08000474   0x00000094   Code   RO         2329    .text               c_w.l(_printf_hex_int_ll_ptr.o)
    0x08000508   0x00000188   Code   RO         2349    .text               c_w.l(__printf_flags_ss_wp.o)
    0x08000690   0x00000024   Code   RO         2358    .text               c_w.l(strstr.o)
    0x080006b4   0x0000003e   Code   RO         2362    .text               c_w.l(strlen.o)
    0x080006f2   0x00000002   PAD
    0x080006f4   0x00000080   Code   RO         2364    .text               c_w.l(strcmpv7m.o)
    0x08000774   0x00000006   Code   RO         2366    .text               c_w.l(heapauxi.o)
    0x0800077a   0x00000002   Code   RO         2430    .text               c_w.l(use_no_semi.o)
    0x0800077c   0x00000016   Code   RO         2433    .text               c_w.l(_rserrno.o)
    0x08000792   0x00000024   Code   RO         2435    .text               c_w.l(_printf_truncate.o)
    0x080007b6   0x000000b2   Code   RO         2437    .text               c_w.l(_printf_intcommon.o)
    0x08000868   0x00000028   Code   RO         2439    .text               c_w.l(_printf_charcount.o)
    0x08000890   0x00000030   Code   RO         2441    .text               c_w.l(_printf_char_common.o)
    0x080008c0   0x0000000a   Code   RO         2443    .text               c_w.l(_sputc.o)
    0x080008ca   0x0000002c   Code   RO         2445    .text               c_w.l(_printf_char.o)
    0x080008f6   0x00000002   PAD
    0x080008f8   0x00000024   Code   RO         2447    .text               c_w.l(_printf_char_file.o)
    0x0800091c   0x000000bc   Code   RO         2449    .text               c_w.l(_printf_wctomb.o)
    0x080009d8   0x0000007c   Code   RO         2452    .text               c_w.l(_printf_longlong_dec.o)
    0x08000a54   0x00000070   Code   RO         2458    .text               c_w.l(_printf_oct_int_ll.o)
    0x08000ac4   0x00000008   Code   RO         2513    .text               c_w.l(rt_errno_addr_intlibspace.o)
    0x08000acc   0x0000008a   Code   RO         2515    .text               c_w.l(lludiv10.o)
    0x08000b56   0x0000041a   Code   RO         2517    .text               c_w.l(_printf_fp_dec.o)
    0x08000f70   0x0000002c   Code   RO         2521    .text               c_w.l(_printf_wchar.o)
    0x08000f9c   0x00000008   Code   RO         2523    .text               c_w.l(ferror.o)
    0x08000fa4   0x00000040   Code   RO         2527    .text               c_w.l(_wcrtomb.o)
    0x08000fe4   0x00000008   Code   RO         2529    .text               c_w.l(libspace.o)
    0x08000fec   0x0000004a   Code   RO         2532    .text               c_w.l(sys_stackheap_outer.o)
    0x08001036   0x00000002   PAD
    0x08001038   0x00000010   Code   RO         2534    .text               c_w.l(rt_ctype_table.o)
    0x08001048   0x00000008   Code   RO         2539    .text               c_w.l(rt_locale_intlibspace.o)
    0x08001050   0x00000080   Code   RO         2541    .text               c_w.l(_printf_fp_infnan.o)
    0x080010d0   0x000000dc   Code   RO         2543    .text               c_w.l(bigflt0.o)
    0x080011ac   0x00000012   Code   RO         2571    .text               c_w.l(exit.o)
    0x080011be   0x0000003e   Code   RO         2546    CL$$btod_d2e        c_w.l(btod.o)
    0x080011fc   0x00000046   Code   RO         2548    CL$$btod_d2e_denorm_low  c_w.l(btod.o)
    0x08001242   0x00000060   Code   RO         2547    CL$$btod_d2e_norm_op1  c_w.l(btod.o)
    0x080012a2   0x00000338   Code   RO         2556    CL$$btod_div_common  c_w.l(btod.o)
    0x080015da   0x000000c6   Code   RO         2553    CL$$btod_e2e        c_w.l(btod.o)
    0x080016a0   0x00000028   Code   RO         2550    CL$$btod_ediv       c_w.l(btod.o)
    0x080016c8   0x00000028   Code   RO         2549    CL$$btod_emul       c_w.l(btod.o)
    0x080016f0   0x00000244   Code   RO         2555    CL$$btod_mult_common  c_w.l(btod.o)
    0x08001934   0x00000008   Code   RO          277    i.AT24CXX_Init      24cxx.o
    0x0800193c   0x0000002c   Code   RO          279    i.AT24CXX_ReadLenByte  24cxx.o
    0x08001968   0x00000058   Code   RO          280    i.AT24CXX_ReadOneByte  24cxx.o
    0x080019c0   0x0000002a   Code   RO          282    i.AT24CXX_WriteLenByte  24cxx.o
    0x080019ea   0x00000050   Code   RO          283    i.AT24CXX_WriteOneByte  24cxx.o
    0x08001a3a   0x0000000a   Code   RO          884    i.CT_Delay          ctiic.o
    0x08001a44   0x00000050   Code   RO          885    i.CT_IIC_Ack        ctiic.o
    0x08001a94   0x00000048   Code   RO          886    i.CT_IIC_Init       ctiic.o
    0x08001adc   0x00000050   Code   RO          887    i.CT_IIC_NAck       ctiic.o
    0x08001b2c   0x0000006c   Code   RO          888    i.CT_IIC_Read_Byte  ctiic.o
    0x08001b98   0x00000060   Code   RO          889    i.CT_IIC_Send_Byte  ctiic.o
    0x08001bf8   0x0000004c   Code   RO          890    i.CT_IIC_Start      ctiic.o
    0x08001c44   0x00000048   Code   RO          891    i.CT_IIC_Stop       ctiic.o
    0x08001c8c   0x00000060   Code   RO          892    i.CT_IIC_Wait_Ack   ctiic.o
    0x08001cec   0x000000f4   Code   RO          947    i.FT5206_Init       ft5206.o
    0x08001de0   0x00000058   Code   RO          948    i.FT5206_RD_Reg     ft5206.o
    0x08001e38   0x0000019c   Code   RO          949    i.FT5206_Scan       ft5206.o
    0x08001fd4   0x00000052   Code   RO          950    i.FT5206_WR_Reg     ft5206.o
    0x08002026   0x00000002   PAD
    0x08002028   0x00000144   Code   RO          981    i.GT9147_Init       gt9147.o
    0x0800216c   0x00000062   Code   RO          982    i.GT9147_RD_Reg     gt9147.o
    0x080021ce   0x00000002   PAD
    0x080021d0   0x000001a4   Code   RO          983    i.GT9147_Scan       gt9147.o
    0x08002374   0x0000005c   Code   RO          984    i.GT9147_Send_Cfg   gt9147.o
    0x080023d0   0x0000005c   Code   RO          985    i.GT9147_WR_Reg     gt9147.o
    0x0800242c   0x000000e0   Code   RO         2022    i.Get_HzMat         text.o
    0x0800250c   0x00000050   Code   RO          336    i.IIC_Ack           myiic.o
    0x0800255c   0x00000038   Code   RO          337    i.IIC_Init          myiic.o
    0x08002594   0x00000050   Code   RO          338    i.IIC_NAck          myiic.o
    0x080025e4   0x00000070   Code   RO          339    i.IIC_Read_Byte     myiic.o
    0x08002654   0x00000068   Code   RO          340    i.IIC_Send_Byte     myiic.o
    0x080026bc   0x0000004c   Code   RO          341    i.IIC_Start         myiic.o
    0x08002708   0x0000004c   Code   RO          342    i.IIC_Stop          myiic.o
    0x08002754   0x00000064   Code   RO          343    i.IIC_Wait_Ack      myiic.o
    0x080027b8   0x00000030   Code   RO          157    i.JTAG_Set          sys.o
    0x080027e8   0x00000088   Code   RO          390    i.KEY_Init          key.o
    0x08002870   0x00000084   Code   RO          391    i.KEY_Scan          key.o
    0x080028f4   0x00000088   Code   RO          525    i.LCD_Clear         ili93xx.o
    0x0800297c   0x000001c0   Code   RO          529    i.LCD_Display_Dir   ili93xx.o
    0x08002b3c   0x000000b0   Code   RO          530    i.LCD_DrawLine      ili93xx.o
    0x08002bec   0x00000040   Code   RO          531    i.LCD_DrawPoint     ili93xx.o
    0x08002c2c   0x0000003c   Code   RO          532    i.LCD_DrawRectangle  ili93xx.o
    0x08002c68   0x00000098   Code   RO          533    i.LCD_Draw_Circle   ili93xx.o
    0x08002d00   0x00000364   Code   RO          534    i.LCD_Fast_DrawPoint  ili93xx.o
    0x08003064   0x000000d4   Code   RO          535    i.LCD_Fill          ili93xx.o
    0x08003138   0x00003be0   Code   RO          536    i.LCD_Init          ili93xx.o
    0x08006d18   0x00000016   Code   RO          537    i.LCD_Pow           ili93xx.o
    0x08006d2e   0x00000002   PAD
    0x08006d30   0x00000070   Code   RO          538    i.LCD_RD_DATA       ili93xx.o
    0x08006da0   0x00000010   Code   RO          540    i.LCD_ReadReg       ili93xx.o
    0x08006db0   0x000000d4   Code   RO          541    i.LCD_SSD_BackLightSet  ili93xx.o
    0x08006e84   0x00000458   Code   RO          542    i.LCD_Scan_Dir      ili93xx.o
    0x080072dc   0x000003bc   Code   RO          543    i.LCD_SetCursor     ili93xx.o
    0x08007698   0x00000128   Code   RO          545    i.LCD_ShowChar      ili93xx.o
    0x080077c0   0x00000094   Code   RO          546    i.LCD_ShowNum       ili93xx.o
    0x08007854   0x00000066   Code   RO          547    i.LCD_ShowString    ili93xx.o
    0x080078ba   0x00000002   PAD
    0x080078bc   0x00000024   Code   RO          549    i.LCD_WR_DATAX      ili93xx.o
    0x080078e0   0x00000024   Code   RO          550    i.LCD_WR_REG        ili93xx.o
    0x08007904   0x00000010   Code   RO          552    i.LCD_WriteRAM_Prepare  ili93xx.o
    0x08007914   0x00000030   Code   RO          553    i.LCD_WriteReg      ili93xx.o
    0x08007944   0x00000070   Code   RO          734    i.LED_Init          led.o
    0x080079b4   0x00000068   Code   RO          158    i.MYRCC_DeInit      sys.o
    0x08007a1c   0x00000078   Code   RO          159    i.MY_NVIC_Init      sys.o
    0x08007a94   0x00000028   Code   RO          160    i.MY_NVIC_PriorityGroupConfig  sys.o
    0x08007abc   0x00000014   Code   RO          161    i.MY_NVIC_SetVectorTable  sys.o
    0x08007ad0   0x000000b8   Code   RO         1021    i.OTT2001A_Init     ott2001a.o
    0x08007b88   0x00000062   Code   RO         1022    i.OTT2001A_RD_Reg   ott2001a.o
    0x08007bea   0x00000002   PAD
    0x08007bec   0x000001e0   Code   RO         1023    i.OTT2001A_Scan     ott2001a.o
    0x08007dcc   0x0000001c   Code   RO         1024    i.OTT2001A_SensorControl  ott2001a.o
    0x08007de8   0x0000005c   Code   RO         1025    i.OTT2001A_WR_Reg   ott2001a.o
    0x08007e44   0x00000054   Code   RO          861    i.SPI1_ReadWriteByte  spi.o
    0x08007e98   0x00000058   Code   RO          416    i.SPI_Flash_Read    flash.o
    0x08007ef0   0x00000058   Code   RO          424    i.SPI_USART_IO_SET  flash.o
    0x08007f48   0x000000c8   Code   RO         2023    i.Show_Font         text.o
    0x08008010   0x000000c2   Code   RO         2024    i.Show_Str          text.o
    0x080080d2   0x00000002   PAD
    0x080080d4   0x00000070   Code   RO         2025    i.Show_Str_Mid      text.o
    0x08008144   0x00000090   Code   RO          162    i.Stm32_Clock_Init  sys.o
    0x080081d4   0x00000038   Code   RO         1213    i.TIM2_IRQHandler   usmart.o
    0x0800820c   0x00000034   Code   RO         1157    i.TIM4_IRQHandler   usart2.o
    0x08008240   0x00000050   Code   RO         1158    i.TIM4_Init         usart2.o
    0x08008290   0x00000030   Code   RO         1159    i.TIM4_Set          usart2.o
    0x080082c0   0x000001a8   Code   RO         1061    i.TP_Adj_Info_Show  touch.o
    0x08008468   0x0000085c   Code   RO         1062    i.TP_Adjust         touch.o
    0x08008cc4   0x00000070   Code   RO         1064    i.TP_Drow_Touch_Point  touch.o
    0x08008d34   0x000000a8   Code   RO         1065    i.TP_Get_Adjdata    touch.o
    0x08008ddc   0x00000130   Code   RO         1066    i.TP_Init           touch.o
    0x08008f0c   0x00000090   Code   RO         1067    i.TP_Read_AD        touch.o
    0x08008f9c   0x00000078   Code   RO         1068    i.TP_Read_XOY       touch.o
    0x08009014   0x00000030   Code   RO         1069    i.TP_Read_XY        touch.o
    0x08009044   0x000000c0   Code   RO         1070    i.TP_Read_XY2       touch.o
    0x08009104   0x00000078   Code   RO         1071    i.TP_Save_Adjdata   touch.o
    0x0800917c   0x00000110   Code   RO         1072    i.TP_Scan           touch.o
    0x0800928c   0x0000004c   Code   RO         1073    i.TP_Write_Byte     touch.o
    0x080092d8   0x00000040   Code   RO         1214    i.Timer2_Init       usmart.o
    0x08009318   0x00000084   Code   RO          235    i.USART1_IRQHandler  usart.o
    0x0800939c   0x00000060   Code   RO         1160    i.USART2_IRQHandler  usart2.o
    0x080093fc   0x000000a8   Code   RO         1161    i.USART2_Init       usart2.o
    0x080094a4   0x00000028   Code   RO         2581    i.__ARM_fpclassify  m_ws.l(fpclassify.o)
    0x080094cc   0x0000000e   Code   RO         2342    i._is_digit         c_w.l(__printf_wp.o)
    0x080094da   0x00000006   Code   RO          236    i._sys_exit         usart.o
    0x080094e0   0x000008a0   Code   RO         2055    i.atk_8266_apsta_test  apsta.o
    0x08009d80   0x0000003c   Code   RO         2068    i.atk_8266_at_response  common.o
    0x08009dbc   0x00000034   Code   RO         2069    i.atk_8266_check_cmd  common.o
    0x08009df0   0x00000044   Code   RO         2070    i.atk_8266_consta_check  common.o
    0x08009e34   0x00000134   Code   RO         2071    i.atk_8266_get_ip   common.o
    0x08009f68   0x000000f0   Code   RO         2072    i.atk_8266_get_keynum  common.o
    0x0800a058   0x00000054   Code   RO         2073    i.atk_8266_get_wanip  common.o
    0x0800a0ac   0x000001ac   Code   RO         2074    i.atk_8266_ip_set   common.o
    0x0800a258   0x0000012c   Code   RO         2075    i.atk_8266_key_staset  common.o
    0x0800a384   0x00000124   Code   RO         2076    i.atk_8266_load_keyboard  common.o
    0x0800a4a8   0x00000274   Code   RO         2077    i.atk_8266_mode_cofig  common.o
    0x0800a71c   0x00000348   Code   RO         2078    i.atk_8266_msg_show  common.o
    0x0800aa64   0x00000104   Code   RO         2079    i.atk_8266_mtest_ui  common.o
    0x0800ab68   0x00000264   Code   RO         2080    i.atk_8266_netpro_sel  common.o
    0x0800adcc   0x00000070   Code   RO         2081    i.atk_8266_quit_trans  common.o
    0x0800ae3c   0x00000074   Code   RO         2082    i.atk_8266_send_cmd  common.o
    0x0800aeb0   0x0000005c   Code   RO         2083    i.atk_8266_send_data  common.o
    0x0800af0c   0x000001a0   Code   RO         2084    i.atk_8266_test     common.o
    0x0800b0ac   0x000007ec   Code   RO         2194    i.atk_8266_wifiap_test  wifiap.o
    0x0800b898   0x00000108   Code   RO         2085    i.atk_8266_wificonf_show  common.o
    0x0800b9a0   0x00000884   Code   RO         2206    i.atk_8266_wifista_test  wifista.o
    0x0800c224   0x00000040   Code   RO          127    i.delay_init        delay.o
    0x0800c264   0x0000003c   Code   RO          128    i.delay_ms          delay.o
    0x0800c2a0   0x0000003c   Code   RO          129    i.delay_us          delay.o
    0x0800c2dc   0x0000001c   Code   RO          237    i.fputc             usart.o
    0x0800c2f8   0x0000004c   Code   RO           10    i.main              test.o
    0x0800c344   0x00000048   Code   RO         2221    i.mem_free          malloc.o
    0x0800c38c   0x0000002c   Code   RO         2222    i.mem_init          malloc.o
    0x0800c3b8   0x00000078   Code   RO         2223    i.mem_malloc        malloc.o
    0x0800c430   0x00000030   Code   RO         2224    i.mem_perused       malloc.o
    0x0800c460   0x0000001c   Code   RO         2225    i.myfree            malloc.o
    0x0800c47c   0x00000020   Code   RO         2226    i.mymalloc          malloc.o
    0x0800c49c   0x00000014   Code   RO         2228    i.mymemset          malloc.o
    0x0800c4b0   0x00000006   Code   RO         1215    i.read_addr         usmart.o
    0x0800c4b6   0x0000004c   Code   RO         2423    i.sqrt              m_ws.l(sqrt.o)
    0x0800c502   0x00000002   PAD
    0x0800c504   0x00000050   Code   RO         1162    i.u2_printf         usart2.o
    0x0800c554   0x000000dc   Code   RO          238    i.uart_init         usart.o
    0x0800c630   0x000000b0   Code   RO         1216    i.usmart_cmd_rec    usmart.o
    0x0800c6e0   0x000002d8   Code   RO         1217    i.usmart_exe        usmart.o
    0x0800c9b8   0x000000c8   Code   RO         1302    i.usmart_get_aparm  usmart_str.o
    0x0800ca80   0x00000036   Code   RO         1303    i.usmart_get_cmdname  usmart_str.o
    0x0800cab6   0x00000002   PAD
    0x0800cab8   0x000001c0   Code   RO         1304    i.usmart_get_fname  usmart_str.o
    0x0800cc78   0x0000010c   Code   RO         1305    i.usmart_get_fparam  usmart_str.o
    0x0800cd84   0x00000020   Code   RO         1306    i.usmart_get_parmpos  usmart_str.o
    0x0800cda4   0x00000040   Code   RO         1218    i.usmart_get_runtime  usmart.o
    0x0800cde4   0x00000028   Code   RO         1219    i.usmart_init       usmart.o
    0x0800ce0c   0x00000016   Code   RO         1307    i.usmart_pow        usmart_str.o
    0x0800ce22   0x00000002   PAD
    0x0800ce24   0x00000028   Code   RO         1220    i.usmart_reset_runtime  usmart.o
    0x0800ce4c   0x000000bc   Code   RO         1221    i.usmart_scan       usmart.o
    0x0800cf08   0x00000016   Code   RO         1308    i.usmart_search_nextc  usmart_str.o
    0x0800cf1e   0x000000ca   Code   RO         1309    i.usmart_str2num    usmart_str.o
    0x0800cfe8   0x00000022   Code   RO         1310    i.usmart_strcmp     usmart_str.o
    0x0800d00a   0x00000016   Code   RO         1311    i.usmart_strcopy    usmart_str.o
    0x0800d020   0x00000018   Code   RO         1312    i.usmart_strlen     usmart_str.o
    0x0800d038   0x000006e4   Code   RO         1222    i.usmart_sys_cmd_exe  usmart.o
    0x0800d71c   0x00000004   Code   RO         1223    i.write_addr        usmart.o
    0x0800d720   0x0000002c   Code   RO         2569    locale$$code        c_w.l(lc_numeric_c.o)
    0x0800d74c   0x0000002c   Code   RO         2586    locale$$code        c_w.l(lc_ctype_c.o)
    0x0800d778   0x00000150   Code   RO         2370    x$fpl$dadd          fz_ws.l(daddsub_clz.o)
    0x0800d8c8   0x00000018   Code   RO         2478    x$fpl$dcmpinf       fz_ws.l(dcmpi.o)
    0x0800d8e0   0x0000005a   Code   RO         2376    x$fpl$dfixu         fz_ws.l(dfixu.o)
    0x0800d93a   0x0000002e   Code   RO         2381    x$fpl$dflt          fz_ws.l(dflt_clz.o)
    0x0800d968   0x00000026   Code   RO         2380    x$fpl$dfltu         fz_ws.l(dflt_clz.o)
    0x0800d98e   0x00000002   PAD
    0x0800d990   0x00000078   Code   RO         2386    x$fpl$dleqf         fz_ws.l(dleqf.o)
    0x0800da08   0x00000154   Code   RO         2388    x$fpl$dmul          fz_ws.l(dmul.o)
    0x0800db5c   0x0000009c   Code   RO         2480    x$fpl$dnaninf       fz_ws.l(dnaninf.o)
    0x0800dbf8   0x0000000c   Code   RO         2482    x$fpl$dretinf       fz_ws.l(dretinf.o)
    0x0800dc04   0x0000006c   Code   RO         2390    x$fpl$drleqf        fz_ws.l(drleqf.o)
    0x0800dc70   0x00000016   Code   RO         2371    x$fpl$drsb          fz_ws.l(daddsub_clz.o)
    0x0800dc86   0x00000002   PAD
    0x0800dc88   0x000001cc   Code   RO         2484    x$fpl$dsqrt         fz_ws.l(dsqrt_noumaal.o)
    0x0800de54   0x000001d4   Code   RO         2372    x$fpl$dsub          fz_ws.l(daddsub_clz.o)
    0x0800e028   0x00000056   Code   RO         2392    x$fpl$f2d           fz_ws.l(f2d.o)
    0x0800e07e   0x00000002   PAD
    0x0800e080   0x000000c4   Code   RO         2394    x$fpl$fadd          fz_ws.l(faddsub_clz.o)
    0x0800e144   0x00000184   Code   RO         2401    x$fpl$fdiv          fz_ws.l(fdiv.o)
    0x0800e2c8   0x00000036   Code   RO         2406    x$fpl$ffix          fz_ws.l(ffix.o)
    0x0800e2fe   0x00000002   PAD
    0x0800e300   0x0000003e   Code   RO         2410    x$fpl$ffixu         fz_ws.l(ffixu.o)
    0x0800e33e   0x00000002   PAD
    0x0800e340   0x00000030   Code   RO         2415    x$fpl$fflt          fz_ws.l(fflt_clz.o)
    0x0800e370   0x00000026   Code   RO         2414    x$fpl$ffltu         fz_ws.l(fflt_clz.o)
    0x0800e396   0x00000002   PAD
    0x0800e398   0x00000102   Code   RO         2420    x$fpl$fmul          fz_ws.l(fmul.o)
    0x0800e49a   0x0000008c   Code   RO         2488    x$fpl$fnaninf       fz_ws.l(fnaninf.o)
    0x0800e526   0x0000000a   Code   RO         2490    x$fpl$fretinf       fz_ws.l(fretinf.o)
    0x0800e530   0x00000014   Code   RO         2395    x$fpl$frsb          fz_ws.l(faddsub_clz.o)
    0x0800e544   0x000000ea   Code   RO         2396    x$fpl$fsub          fz_ws.l(faddsub_clz.o)
    0x0800e62e   0x00000004   Code   RO         2492    x$fpl$printf1       fz_ws.l(printf1.o)
    0x0800e632   0x00000000   Code   RO         2494    x$fpl$usenofp       fz_ws.l(usenofp.o)
    0x0800e632   0x000017c0   Data   RO          556    .constdata          ili93xx.o
    0x0800fdf2   0x0000000a   Data   RO          951    .constdata          ft5206.o
    0x0800fdfc   0x000000c2   Data   RO          986    .constdata          gt9147.o
    0x0800febe   0x0000000a   Data   RO         1026    .constdata          ott2001a.o
    0x0800fec8   0x00000004   Data   RO         1074    .constdata          touch.o
    0x0800fecc   0x00000028   Data   RO         2330    .constdata          c_w.l(_printf_hex_int_ll_ptr.o)
    0x0800fef4   0x00000011   Data   RO         2350    .constdata          c_w.l(__printf_flags_ss_wp.o)
    0x0800ff05   0x00000003   PAD
    0x0800ff08   0x00000008   Data   RO         2450    .constdata          c_w.l(_printf_wctomb.o)
    0x0800ff10   0x00000094   Data   RO         2544    .constdata          c_w.l(bigflt0.o)
    0x0800ffa4   0x00000079   Data   RO         1075    .conststring        touch.o
    0x0801001d   0x00000003   PAD
    0x08010020   0x00000028   Data   RO         1224    .conststring        usmart.o
    0x08010048   0x00000090   Data   RO         1289    .conststring        usmart_config.o
    0x080100d8   0x000000ea   Data   RO         2086    .conststring        common.o
    0x080101c2   0x00000002   PAD
    0x080101c4   0x00000020   Data   RO         2706    Region$$Table       anon$$obj.o
    0x080101e4   0x0000001c   Data   RO         2568    locale$$data        c_w.l(lc_numeric_c.o)
    0x08010200   0x00000110   Data   RO         2585    locale$$data        c_w.l(lc_ctype_c.o)


    Execution Region RW_IRAM1 (Base: 0x20000000, Size: 0x0000bb78, Max: 0x0000c000, ABSOLUTE, COMPRESSED[0x000000d0])

    Base Addr    Size         Type   Attr      Idx    E Section Name        Object

    0x20000000   0x00000004   Data   RW          130    .data               delay.o
    0x20000004   0x00000006   Data   RW          240    .data               usart.o
    0x2000000a   0x00000001   Data   RW          392    .data               key.o
    0x2000000b   0x00000001   PAD
    0x2000000c   0x00000004   Data   RW          557    .data               ili93xx.o
    0x20000010   0x00000001   Data   RW          952    .data               ft5206.o
    0x20000011   0x00000001   Data   RW          987    .data               gt9147.o
    0x20000012   0x00000001   Data   RW         1027    .data               ott2001a.o
    0x20000013   0x00000001   PAD
    0x20000014   0x00000036   Data   RW         1076    .data               touch.o
    0x2000004a   0x00000002   Data   RW         1164    .data               usart2.o
    0x2000004c   0x0000001c   Data   RW         1225    .data               usmart.o
    0x20000068   0x00000114   Data   RW         1290    .data               usmart_config.o
    0x2000017c   0x00000085   Data   RW         2087    .data               common.o
    0x20000201   0x00000001   Data   RW         2207    .data               wifista.o
    0x20000202   0x00000002   PAD
    0x20000204   0x00000014   Data   RW         2232    .data               malloc.o
    0x20000218   0x000000c8   Zero   RW          239    .bss                usart.o
    0x200002e0   0x0000000e   Zero   RW          555    .bss                ili93xx.o
    0x200002ee   0x00000002   PAD
    0x200002f0   0x00000800   Zero   RW         1163    .bss                usart2.o
    0x20000af0   0x00000021   Zero   RW         1987    .bss                fontupd.o
    0x20000b11   0x00000003   PAD
    0x20000b14   0x0000aa00   Zero   RW         2230    .bss                malloc.o
    0x2000b514   0x00000060   Zero   RW         2530    .bss                c_w.l(libspace.o)
    0x2000b574   0x00000004   PAD
    0x2000b578   0x00000200   Zero   RW            2    HEAP                startup_stm32f10x_hd.o
    0x2000b778   0x00000400   Zero   RW            1    STACK               startup_stm32f10x_hd.o


==============================================================================

Image component sizes


      Code (inc. data)   RO Data    RW Data    ZI Data      Debug   Object Name

       262          0          0          0          0       3225   24cxx.o
      2208        746          0          0          0       1650   apsta.o
      5172       1218        234        133          0      14738   common.o
       690        102          0          0          0       5077   ctiic.o
       184         16          0          4          0       1891   delay.o
         0          0          0          0          0       2600   exfuns.o
       176         10          0          0          0       1700   flash.o
         0          0          0          0         33       1477   fontupd.o
       826         42         10          1          0       3777   ft5206.o
      1026         76        194          1          0       4570   gt9147.o
     20556        264       6080          4         14      29088   ili93xx.o
       268         24          0          1          0       1214   key.o
       112         12          0          0          0        491   led.o
       364         30          0         20      43520       5838   malloc.o
       684        104          0          0          0       4546   myiic.o
       882         64         10          1          0       4335   ott2001a.o
        84          6          0          0          0        669   spi.o
        56         22        304          0       1536        836   startup_stm32f10x_hd.o
       476         54          0          0          0       3611   sys.o
        76          4          0          0          0     208659   test.o
       730         20          0          0          0       4258   text.o
      4120        266        125         54          0      10893   touch.o
       386         36          0          6        200       4328   usart.o
       524         66          0          2       2048       4963   usart2.o
      3130       1322         40         28          0       7982   usmart.o
         0          0        144        276          0       1768   usmart_config.o
      1328         20          0          0          0       8961   usmart_str.o
      2028        592          0          0          0       1647   wifiap.o
      2180        646          0          1          0       1997   wifista.o

    ----------------------------------------------------------------------
     48544       5762       7178        536      47356     346789   Object Totals
         0          0         32          0          0          0   (incl. Generated)
        16          0          5          4          5          0   (incl. Padding)

    ----------------------------------------------------------------------

      Code (inc. data)   RO Data    RW Data    ZI Data      Debug   Library Member Name

        24          4          0          0          0         84   __2printf.o
        44          6          0          0          0         84   __2sprintf.o
        90          0          0          0          0          0   __dczerorl2.o
         8          0          0          0          0         68   __main.o
       392          4         17          0          0         92   __printf_flags_ss_wp.o
        14          0          0          0          0         68   __printf_wp.o
         0          0          0          0          0          0   __rtentry.o
        12          0          0          0          0          0   __rtentry2.o
         6          0          0          0          0          0   __rtentry4.o
        52          8          0          0          0          0   __scatter.o
        28          0          0          0          0          0   __scatter_zi.o
         6          0          0          0          0          0   _printf_a.o
         6          0          0          0          0          0   _printf_c.o
        44          0          0          0          0        108   _printf_char.o
        48          6          0          0          0         96   _printf_char_common.o
        36          4          0          0          0         80   _printf_char_file.o
        40          0          0          0          0         68   _printf_charcount.o
         6          0          0          0          0          0   _printf_d.o
       120         16          0          0          0         92   _printf_dec.o
         6          0          0          0          0          0   _printf_e.o
         6          0          0          0          0          0   _printf_f.o
      1050          0          0          0          0        216   _printf_fp_dec.o
       128         16          0          0          0         84   _printf_fp_infnan.o
         6          0          0          0          0          0   _printf_g.o
       148          4         40          0          0        160   _printf_hex_int_ll_ptr.o
         6          0          0          0          0          0   _printf_i.o
       178          0          0          0          0         88   _printf_intcommon.o
        10          0          0          0          0          0   _printf_l.o
         6          0          0          0          0          0   _printf_lc.o
        10          0          0          0          0          0   _printf_ll.o
         6          0          0          0          0          0   _printf_lld.o
         6          0          0          0          0          0   _printf_lli.o
         6          0          0          0          0          0   _printf_llo.o
         6          0          0          0          0          0   _printf_llu.o
         6          0          0          0          0          0   _printf_llx.o
       124         16          0          0          0         92   _printf_longlong_dec.o
         6          0          0          0          0          0   _printf_ls.o
         6          0          0          0          0          0   _printf_n.o
         6          0          0          0          0          0   _printf_o.o
       112          8          0          0          0        124   _printf_oct_int_ll.o
         6          0          0          0          0          0   _printf_p.o
        78          0          0          0          0        108   _printf_pad.o
         0          0          0          0          0          0   _printf_percent.o
         4          0          0          0          0          0   _printf_percent_end.o
         6          0          0          0          0          0   _printf_s.o
        82          0          0          0          0         80   _printf_str.o
        36          0          0          0          0         84   _printf_truncate.o
         6          0          0          0          0          0   _printf_u.o
        44          0          0          0          0        108   _printf_wchar.o
       188          6          8          0          0         92   _printf_wctomb.o
         6          0          0          0          0          0   _printf_x.o
        22          0          0          0          0        100   _rserrno.o
        10          0          0          0          0         68   _sputc.o
        64          0          0          0          0         92   _wcrtomb.o
       220          4        148          0          0         96   bigflt0.o
      1910        128          0          0          0        672   btod.o
        36          4          0          0          0         76   c89vsprintf.o
        18          0          0          0          0         80   exit.o
         8          0          0          0          0         68   ferror.o
         6          0          0          0          0        152   heapauxi.o
        44         10        272          0          0         76   lc_ctype_c.o
        44         10         28          0          0         76   lc_numeric_c.o
         2          0          0          0          0          0   libinit.o
        30          0          0          0          0          0   libinit2.o
         2          0          0          0          0          0   libshutdown.o
         2          0          0          0          0          0   libshutdown2.o
         8          4          0          0         96         68   libspace.o
       138          0          0          0          0         80   lludiv10.o
        16          4          0          0          0         76   rt_ctype_table.o
         8          4          0          0          0         68   rt_errno_addr_intlibspace.o
         8          4          0          0          0         68   rt_locale_intlibspace.o
         2          0          0          0          0          0   rtexit.o
        10          0          0          0          0          0   rtexit2.o
       128          0          0          0          0         68   strcmpv7m.o
        62          0          0          0          0         76   strlen.o
        36          0          0          0          0         80   strstr.o
        74          0          0          0          0         80   sys_stackheap_outer.o
         2          0          0          0          0         68   use_no_semi.o
         2          0          0          0          0         68   use_no_semi_2.o
       826         16          0          0          0        348   daddsub_clz.o
        24          0          0          0          0         68   dcmpi.o
        90          4          0          0          0         92   dfixu.o
        84          0          0          0          0        136   dflt_clz.o
       120          4          0          0          0         92   dleqf.o
       340         12          0          0          0        104   dmul.o
       156          4          0          0          0         92   dnaninf.o
        12          0          0          0          0         68   dretinf.o
       108          0          0          0          0         80   drleqf.o
       460         56          0          0          0        120   dsqrt_noumaal.o
        86          4          0          0          0         84   f2d.o
       450          8          0          0          0        236   faddsub_clz.o
       388         76          0          0          0         96   fdiv.o
        54          4          0          0          0         84   ffix.o
        62          4          0          0          0         84   ffixu.o
        86          0          0          0          0        136   fflt_clz.o
       258          4          0          0          0         84   fmul.o
       140          4          0          0          0         84   fnaninf.o
        10          0          0          0          0         68   fretinf.o
         4          0          0          0          0         68   printf1.o
         0          0          0          0          0          0   usenofp.o
        40          0          0          0          0         68   fpclassify.o
        76          0          0          0          0         84   sqrt.o

    ----------------------------------------------------------------------
     10082        470        516          0        100       6808   Library Totals
        26          0          3          0          4          0   (incl. Padding)

    ----------------------------------------------------------------------

      Code (inc. data)   RO Data    RW Data    ZI Data      Debug   Library Name

      6182        270        513          0         96       4432   c_w.l
      3758        200          0          0          0       2224   fz_ws.l
       116          0          0          0          0        152   m_ws.l

    ----------------------------------------------------------------------
     10082        470        516          0        100       6808   Library Totals

    ----------------------------------------------------------------------

==============================================================================


      Code (inc. data)   RO Data    RW Data    ZI Data      Debug   

     58626       6232       7694        536      47456     342049   Grand Totals
     58626       6232       7694        208      47456     342049   ELF Image Totals (compressed)
     58626       6232       7694        208          0          0   ROM Totals

==============================================================================

    Total RO  Size (Code + RO Data)                66320 (  64.77kB)
    Total RW  Size (RW Data + ZI Data)             47992 (  46.87kB)
    Total ROM Size (Code + RO Data + RW Data)      66528 (  64.97kB)

==============================================================================

